// Jest Snapshot v1, https://goo.gl/fbAQLP

exports[`Subheading component 
  appearance: "default"
 1`] = `
<GenericText
  className="Subheading Subheading--default"
  componentType="h4"
  data-test="DesignSystem-Subheading"
>
  Subheading
</GenericText>
`;

exports[`Subheading component 
  appearance: "disabled"
 1`] = `
<GenericText
  className="Subheading Subheading--disabled"
  componentType="h4"
  data-test="DesignSystem-Subheading"
>
  Subheading
</GenericText>
`;

exports[`Subheading component 
  appearance: "subtle"
 1`] = `
<GenericText
  className="Subheading Subheading--subtle"
  componentType="h4"
  data-test="DesignSystem-Subheading"
>
  Subheading
</GenericText>
`;

exports[`Subheading component 
  appearance: "white"
 1`] = `
<GenericText
  className="Subheading Subheading--white"
  componentType="h4"
  data-test="DesignSystem-Subheading"
>
  Subheading
</GenericText>
`;
