// Jest Snapshot v1, https://goo.gl/fbAQLP

exports[`Heading component 
  appearance: "default"
 1`] = `
<GenericText
  className="Heading Heading--m Heading--default"
  componentType="h4"
  data-test="DesignSystem-Heading"
>
  Heading
</GenericText>
`;

exports[`Heading component 
  appearance: "disabled"
 1`] = `
<GenericText
  className="Heading Heading--m Heading--disabled"
  componentType="h4"
  data-test="DesignSystem-Heading"
>
  Heading
</GenericText>
`;

exports[`Heading component 
  appearance: "subtle"
 1`] = `
<GenericText
  className="Heading Heading--m Heading--subtle"
  componentType="h4"
  data-test="DesignSystem-Heading"
>
  Heading
</GenericText>
`;

exports[`Heading component 
  appearance: "white"
 1`] = `
<GenericText
  className="Heading Heading--m Heading--white"
  componentType="h4"
  data-test="DesignSystem-Heading"
>
  Heading
</GenericText>
`;

exports[`Heading component 
  size: "l"
 1`] = `
<GenericText
  className="Heading Heading--l Heading--default"
  componentType="h3"
  data-test="DesignSystem-Heading"
>
  Heading
</GenericText>
`;

exports[`Heading component 
  size: "m"
 1`] = `
<GenericText
  className="Heading Heading--m Heading--default"
  componentType="h4"
  data-test="DesignSystem-Heading"
>
  Heading
</GenericText>
`;

exports[`Heading component 
  size: "s"
 1`] = `
<GenericText
  className="Heading Heading--s Heading--default"
  componentType="h5"
  data-test="DesignSystem-Heading"
>
  Heading
</GenericText>
`;

exports[`Heading component 
  size: "xl"
 1`] = `
<GenericText
  className="Heading Heading--xl Heading--default"
  componentType="h2"
  data-test="DesignSystem-Heading"
>
  Heading
</GenericText>
`;

exports[`Heading component 
  size: "xxl"
 1`] = `
<GenericText
  className="Heading Heading--xxl Heading--default"
  componentType="h1"
  data-test="DesignSystem-Heading"
>
  Heading
</GenericText>
`;
