// Jest Snapshot v1, https://goo.gl/fbAQLP

exports[`Table component 
  data: [{"firstName":"Brooke","lastName":"Heeran","email":"bheeran0@altervista.org","gender":"Female"},{"firstName":"Frazer","lastName":"Cathro","email":"fcathro1@ucla.edu","gender":"Male"},{"firstName":"Lemmie","lastName":"Ciric","email":"lciric2@dmoz.org","gender":"Male"},{"firstName":"Randy","lastName":"Boatwright","email":"rboatwright3@arstechnica.com","gender":"Male"},{"firstName":"Rolando","lastName":"Cyples","email":"rcyples4@biglobe.ne.jp","gender":"Male"},{"firstName":"Lem","lastName":"Males","email":"lmales5@admin.ch","gender":"Male"},{"firstName":"Sayres","lastName":"Adelberg","email":"sadelberg6@uol.com.br","gender":"Male"},{"firstName":"Murray","lastName":"Bravington","email":"mbravington7@drupal.org","gender":"Male"},{"firstName":"Jena","lastName":"Swatheridge","email":"jswatheridge8@npr.org","gender":"Female"},{"firstName":"Annabel","lastName":"Nelsey","email":"anelsey9@google.com","gender":"Female"}], schema: [{"width":200,"template":"[Function]","pinned":"LEFT","get":"[Function]","name":"name","displayName":"Name"},{"width":200,"name":"gender","displayName":"Gender"},{"width":200,"name":"email","displayName":"Email"},{"width":200,"name":"note","displayName":"Note"}], loading: false
 1`] = `
<Grid
  buffer={5}
  data={
    Array [
      Object {
        "email": "bheeran0@altervista.org",
        "firstName": "Brooke",
        "gender": "Female",
        "lastName": "Heeran",
      },
      Object {
        "email": "fcathro1@ucla.edu",
        "firstName": "Frazer",
        "gender": "Male",
        "lastName": "Cathro",
      },
      Object {
        "email": "lciric2@dmoz.org",
        "firstName": "Lemmie",
        "gender": "Male",
        "lastName": "Ciric",
      },
      Object {
        "email": "rboatwright3@arstechnica.com",
        "firstName": "Randy",
        "gender": "Male",
        "lastName": "Boatwright",
      },
      Object {
        "email": "rcyples4@biglobe.ne.jp",
        "firstName": "Rolando",
        "gender": "Male",
        "lastName": "Cyples",
      },
      Object {
        "email": "lmales5@admin.ch",
        "firstName": "Lem",
        "gender": "Male",
        "lastName": "Males",
      },
      Object {
        "email": "sadelberg6@uol.com.br",
        "firstName": "Sayres",
        "gender": "Male",
        "lastName": "Adelberg",
      },
      Object {
        "email": "mbravington7@drupal.org",
        "firstName": "Murray",
        "gender": "Male",
        "lastName": "Bravington",
      },
      Object {
        "email": "jswatheridge8@npr.org",
        "firstName": "Jena",
        "gender": "Female",
        "lastName": "Swatheridge",
      },
      Object {
        "email": "anelsey9@google.com",
        "firstName": "Annabel",
        "gender": "Female",
        "lastName": "Nelsey",
      },
    ]
  }
  loading={false}
  offset={0}
  onPageChange={[Function]}
  pagination={false}
  schema={
    Array [
      Object {
        "displayName": "Name",
        "get": [Function],
        "name": "name",
        "pinned": "LEFT",
        "template": [Function],
        "width": 200,
      },
      Object {
        "displayName": "Gender",
        "name": "gender",
        "width": 200,
      },
      Object {
        "displayName": "Email",
        "name": "email",
        "width": 200,
      },
      Object {
        "displayName": "Note",
        "name": "note",
        "width": 200,
      },
    ]
  }
  totalPages={1}
  virtualization={true}
/>
`;

exports[`Table component 
  data: [{"firstName":"Brooke","lastName":"Heeran","email":"bheeran0@altervista.org","gender":"Female"},{"firstName":"Frazer","lastName":"Cathro","email":"fcathro1@ucla.edu","gender":"Male"},{"firstName":"Lemmie","lastName":"Ciric","email":"lciric2@dmoz.org","gender":"Male"},{"firstName":"Randy","lastName":"Boatwright","email":"rboatwright3@arstechnica.com","gender":"Male"},{"firstName":"Rolando","lastName":"Cyples","email":"rcyples4@biglobe.ne.jp","gender":"Male"},{"firstName":"Lem","lastName":"Males","email":"lmales5@admin.ch","gender":"Male"},{"firstName":"Sayres","lastName":"Adelberg","email":"sadelberg6@uol.com.br","gender":"Male"},{"firstName":"Murray","lastName":"Bravington","email":"mbravington7@drupal.org","gender":"Male"},{"firstName":"Jena","lastName":"Swatheridge","email":"jswatheridge8@npr.org","gender":"Female"},{"firstName":"Annabel","lastName":"Nelsey","email":"anelsey9@google.com","gender":"Female"}], schema: [{"width":200,"template":"[Function]","pinned":"LEFT","get":"[Function]","name":"name","displayName":"Name"},{"width":200,"name":"gender","displayName":"Gender"},{"width":200,"name":"email","displayName":"Email"},{"width":200,"name":"note","displayName":"Note"}], loading: true
 1`] = `
<Grid
  buffer={5}
  data={
    Array [
      Object {
        "email": "bheeran0@altervista.org",
        "firstName": "Brooke",
        "gender": "Female",
        "lastName": "Heeran",
      },
      Object {
        "email": "fcathro1@ucla.edu",
        "firstName": "Frazer",
        "gender": "Male",
        "lastName": "Cathro",
      },
      Object {
        "email": "lciric2@dmoz.org",
        "firstName": "Lemmie",
        "gender": "Male",
        "lastName": "Ciric",
      },
      Object {
        "email": "rboatwright3@arstechnica.com",
        "firstName": "Randy",
        "gender": "Male",
        "lastName": "Boatwright",
      },
      Object {
        "email": "rcyples4@biglobe.ne.jp",
        "firstName": "Rolando",
        "gender": "Male",
        "lastName": "Cyples",
      },
      Object {
        "email": "lmales5@admin.ch",
        "firstName": "Lem",
        "gender": "Male",
        "lastName": "Males",
      },
      Object {
        "email": "sadelberg6@uol.com.br",
        "firstName": "Sayres",
        "gender": "Male",
        "lastName": "Adelberg",
      },
      Object {
        "email": "mbravington7@drupal.org",
        "firstName": "Murray",
        "gender": "Male",
        "lastName": "Bravington",
      },
      Object {
        "email": "jswatheridge8@npr.org",
        "firstName": "Jena",
        "gender": "Female",
        "lastName": "Swatheridge",
      },
      Object {
        "email": "anelsey9@google.com",
        "firstName": "Annabel",
        "gender": "Female",
        "lastName": "Nelsey",
      },
    ]
  }
  loading={true}
  offset={0}
  onPageChange={[Function]}
  pagination={false}
  schema={
    Array [
      Object {
        "displayName": "Name",
        "get": [Function],
        "name": "name",
        "pinned": "LEFT",
        "template": [Function],
        "width": 200,
      },
      Object {
        "displayName": "Gender",
        "name": "gender",
        "width": 200,
      },
      Object {
        "displayName": "Email",
        "name": "email",
        "width": 200,
      },
      Object {
        "displayName": "Note",
        "name": "note",
        "width": 200,
      },
    ]
  }
  totalPages={1}
  virtualization={true}
/>
`;

exports[`Table component 
  data: [{"firstName":"Brooke","lastName":"Heeran","email":"bheeran0@altervista.org","gender":"Female"},{"firstName":"Frazer","lastName":"Cathro","email":"fcathro1@ucla.edu","gender":"Male"},{"firstName":"Lemmie","lastName":"Ciric","email":"lciric2@dmoz.org","gender":"Male"},{"firstName":"Randy","lastName":"Boatwright","email":"rboatwright3@arstechnica.com","gender":"Male"},{"firstName":"Rolando","lastName":"Cyples","email":"rcyples4@biglobe.ne.jp","gender":"Male"},{"firstName":"Lem","lastName":"Males","email":"lmales5@admin.ch","gender":"Male"},{"firstName":"Sayres","lastName":"Adelberg","email":"sadelberg6@uol.com.br","gender":"Male"},{"firstName":"Murray","lastName":"Bravington","email":"mbravington7@drupal.org","gender":"Male"},{"firstName":"Jena","lastName":"Swatheridge","email":"jswatheridge8@npr.org","gender":"Female"},{"firstName":"Annabel","lastName":"Nelsey","email":"anelsey9@google.com","gender":"Female"}], schema: [{"width":200,"template":"[Function]","pinned":"LEFT","get":"[Function]","name":"name","displayName":"Name"},{"width":200,"name":"gender","displayName":"Gender"},{"width":200,"name":"email","displayName":"Email"},{"width":200,"name":"note","displayName":"Note"}], pagination: true
 1`] = `
<Grid
  buffer={5}
  data={
    Array [
      Object {
        "email": "bheeran0@altervista.org",
        "firstName": "Brooke",
        "gender": "Female",
        "lastName": "Heeran",
      },
      Object {
        "email": "fcathro1@ucla.edu",
        "firstName": "Frazer",
        "gender": "Male",
        "lastName": "Cathro",
      },
      Object {
        "email": "lciric2@dmoz.org",
        "firstName": "Lemmie",
        "gender": "Male",
        "lastName": "Ciric",
      },
      Object {
        "email": "rboatwright3@arstechnica.com",
        "firstName": "Randy",
        "gender": "Male",
        "lastName": "Boatwright",
      },
      Object {
        "email": "rcyples4@biglobe.ne.jp",
        "firstName": "Rolando",
        "gender": "Male",
        "lastName": "Cyples",
      },
      Object {
        "email": "lmales5@admin.ch",
        "firstName": "Lem",
        "gender": "Male",
        "lastName": "Males",
      },
      Object {
        "email": "sadelberg6@uol.com.br",
        "firstName": "Sayres",
        "gender": "Male",
        "lastName": "Adelberg",
      },
      Object {
        "email": "mbravington7@drupal.org",
        "firstName": "Murray",
        "gender": "Male",
        "lastName": "Bravington",
      },
      Object {
        "email": "jswatheridge8@npr.org",
        "firstName": "Jena",
        "gender": "Female",
        "lastName": "Swatheridge",
      },
      Object {
        "email": "anelsey9@google.com",
        "firstName": "Annabel",
        "gender": "Female",
        "lastName": "Nelsey",
      },
    ]
  }
  offset={0}
  onPageChange={[Function]}
  pagination={true}
  schema={
    Array [
      Object {
        "displayName": "Name",
        "get": [Function],
        "name": "name",
        "pinned": "LEFT",
        "template": [Function],
        "width": 200,
      },
      Object {
        "displayName": "Gender",
        "name": "gender",
        "width": 200,
      },
      Object {
        "displayName": "Email",
        "name": "email",
        "width": 200,
      },
      Object {
        "displayName": "Note",
        "name": "note",
        "width": 200,
      },
    ]
  }
  totalPages={1}
  virtualization={true}
/>
`;
