// Jest Snapshot v1, https://goo.gl/fbAQLP

exports[`BreadcrumbWrapper component 
  children: ["[ReactNode]"]
 1`] = `
<div
  className="BreadcrumbsWrapper"
>
  <ul
    className="BreadcrumbsWrapper-list"
  >
    <Breadcrumb>
      <h2>
        Hello World
      </h2>
    </Breadcrumb>
  </ul>
</div>
`;

exports[`BreadcrumbWrapper component 
  children: ["[ReactNode]"], heading: "Heading"
 1`] = `
<div
  className="BreadcrumbsWrapper"
>
  <ul
    className="BreadcrumbsWrapper-list"
  >
    <Breadcrumb>
      <h2>
        Hello World
      </h2>
    </Breadcrumb>
  </ul>
  <Heading>
    Heading
  </Heading>
</div>
`;
