// Jest Snapshot v1, https://goo.gl/fbAQLP

exports[`Text component 
  children: "Sample String", appearance: "default"
 1`] = `
<GenericText
  className="Text Text--default"
  componentType="span"
>
  Sample String
</GenericText>
`;

exports[`Text component 
  children: "Sample String", appearance: "destructive"
 1`] = `
<GenericText
  className="Text Text--destructive"
  componentType="span"
>
  Sample String
</GenericText>
`;

exports[`Text component 
  children: "Sample String", appearance: "disabled"
 1`] = `
<GenericText
  className="Text Text--disabled"
  componentType="span"
>
  Sample String
</GenericText>
`;

exports[`Text component 
  children: "Sample String", appearance: "subtle"
 1`] = `
<GenericText
  className="Text Text--subtle"
  componentType="span"
>
  Sample String
</GenericText>
`;

exports[`Text component 
  children: "Sample String", appearance: "white"
 1`] = `
<GenericText
  className="Text Text--white"
  componentType="span"
>
  Sample String
</GenericText>
`;

exports[`Text component 
  children: "Sample String", small: false
 1`] = `
<GenericText
  className="Text Text--default"
  componentType="span"
>
  Sample String
</GenericText>
`;

exports[`Text component 
  children: "Sample String", small: true
 1`] = `
<GenericText
  className="Text Text--default Text--small"
  componentType="span"
>
  Sample String
</GenericText>
`;

exports[`Text component 
  children: "Sample String", weight: "medium"
 1`] = `
<GenericText
  className="Text Text--default Text--medium"
  componentType="span"
>
  Sample String
</GenericText>
`;

exports[`Text component 
  children: "Sample String", weight: "strong"
 1`] = `
<GenericText
  className="Text Text--default Text--strong"
  componentType="span"
>
  Sample String
</GenericText>
`;
