// Jest Snapshot v1, https://goo.gl/fbAQLP

exports[`Checkbox component 
  checked: false, disabled: false, label: "Checkbox", name: "Checkbox", value: "Checkbox", onChange: "[Function]"
 1`] = `
<div
  className="Checkbox Checkbox--regular"
  onClick={[Function]}
>
  <input
    checked={false}
    className="Checkbox-input"
    disabled={false}
    name="Checkbox"
    tabIndex={0}
    type="checkbox"
    value="Checkbox"
  />
  <span
    className="Checkbox-wrapper Checkbox-wrapper--regular"
  />
  <div
    className="Checkbox-text"
  >
    <Text
      small={false}
    >
      Checkbox
    </Text>
  </div>
</div>
`;

exports[`Checkbox component 
  checked: false, disabled: true, label: "Checkbox", name: "Checkbox", value: "Checkbox", onChange: "[Function]"
 1`] = `
<div
  className="Checkbox Checkbox--disabled Checkbox--regular"
  onClick={[Function]}
>
  <input
    checked={false}
    className="Checkbox-input"
    disabled={true}
    name="Checkbox"
    tabIndex={0}
    type="checkbox"
    value="Checkbox"
  />
  <span
    className="Checkbox-wrapper Checkbox-wrapper--regular"
  />
  <div
    className="Checkbox-text"
  >
    <Text
      small={false}
    >
      Checkbox
    </Text>
  </div>
</div>
`;

exports[`Checkbox component 
  checked: true, disabled: false, label: "Checkbox", name: "Checkbox", value: "Checkbox", onChange: "[Function]"
 1`] = `
<div
  className="Checkbox Checkbox--regular"
  onClick={[Function]}
>
  <input
    checked={true}
    className="Checkbox-input"
    disabled={false}
    name="Checkbox"
    tabIndex={0}
    type="checkbox"
    value="Checkbox"
  />
  <span
    className="Checkbox-wrapper Checkbox-wrapper--regular Checkbox-wrapper--checked"
  >
    <Icon
      appearance="white"
      name="check"
      size={16}
    />
  </span>
  <div
    className="Checkbox-text"
  >
    <Text
      small={false}
    >
      Checkbox
    </Text>
  </div>
</div>
`;

exports[`Checkbox component 
  checked: true, disabled: true, label: "Checkbox", name: "Checkbox", value: "Checkbox", onChange: "[Function]"
 1`] = `
<div
  className="Checkbox Checkbox--disabled Checkbox--regular"
  onClick={[Function]}
>
  <input
    checked={true}
    className="Checkbox-input"
    disabled={true}
    name="Checkbox"
    tabIndex={0}
    type="checkbox"
    value="Checkbox"
  />
  <span
    className="Checkbox-wrapper Checkbox-wrapper--regular Checkbox-wrapper--checked"
  >
    <Icon
      appearance="white"
      name="check"
      size={16}
    />
  </span>
  <div
    className="Checkbox-text"
  >
    <Text
      small={false}
    >
      Checkbox
    </Text>
  </div>
</div>
`;

exports[`Checkbox component 
  indeterminate: true, disabled: false, label: "Checkbox", name: "Checkbox", value: "Checkbox", onChange: "[Function]"
 1`] = `
<div
  className="Checkbox Checkbox--regular"
  onClick={[Function]}
>
  <input
    className="Checkbox-input"
    disabled={false}
    name="Checkbox"
    tabIndex={0}
    type="checkbox"
    value="Checkbox"
  />
  <span
    className="Checkbox-wrapper Checkbox-wrapper--regular Checkbox-wrapper--indeterminate"
  >
    <Icon
      appearance="white"
      name="remove"
      size={16}
    />
  </span>
  <div
    className="Checkbox-text"
  >
    <Text
      small={false}
    >
      Checkbox
    </Text>
  </div>
</div>
`;

exports[`Checkbox component 
  indeterminate: true, disabled: true, label: "Checkbox", name: "Checkbox", value: "Checkbox", onChange: "[Function]"
 1`] = `
<div
  className="Checkbox Checkbox--disabled Checkbox--regular"
  onClick={[Function]}
>
  <input
    className="Checkbox-input"
    disabled={true}
    name="Checkbox"
    tabIndex={0}
    type="checkbox"
    value="Checkbox"
  />
  <span
    className="Checkbox-wrapper Checkbox-wrapper--regular Checkbox-wrapper--indeterminate"
  >
    <Icon
      appearance="white"
      name="remove"
      size={16}
    />
  </span>
  <div
    className="Checkbox-text"
  >
    <Text
      small={false}
    >
      Checkbox
    </Text>
  </div>
</div>
`;

exports[`Checkbox component 
  size: "regular", checked: true, label: "Checkbox", name: "Checkbox", value: "Checkbox", onChange: "[Function]"
 1`] = `
<div
  className="Checkbox Checkbox--regular"
  onClick={[Function]}
>
  <input
    checked={true}
    className="Checkbox-input"
    name="Checkbox"
    tabIndex={0}
    type="checkbox"
    value="Checkbox"
  />
  <span
    className="Checkbox-wrapper Checkbox-wrapper--regular Checkbox-wrapper--checked"
  >
    <Icon
      appearance="white"
      name="check"
      size={16}
    />
  </span>
  <div
    className="Checkbox-text"
  >
    <Text
      small={false}
    >
      Checkbox
    </Text>
  </div>
</div>
`;

exports[`Checkbox component 
  size: "tiny", checked: true, label: "Checkbox", name: "Checkbox", value: "Checkbox", onChange: "[Function]"
 1`] = `
<div
  className="Checkbox Checkbox--tiny"
  onClick={[Function]}
>
  <input
    checked={true}
    className="Checkbox-input"
    name="Checkbox"
    tabIndex={0}
    type="checkbox"
    value="Checkbox"
  />
  <span
    className="Checkbox-wrapper Checkbox-wrapper--tiny Checkbox-wrapper--checked"
  >
    <Icon
      appearance="white"
      name="check"
      size={8}
    />
  </span>
  <div
    className="Checkbox-text"
  >
    <Text
      small={true}
    >
      Checkbox
    </Text>
  </div>
</div>
`;
