// Jest Snapshot v1, https://goo.gl/fbAQLP

exports[`Image placeholder component 
  length: "large"
 1`] = `
<div
  className="Placeholder-paragraph Placeholder--animation Placeholder-paragraph--large"
/>
`;

exports[`Image placeholder component 
  length: "medium"
 1`] = `
<div
  className="Placeholder-paragraph Placeholder--animation Placeholder-paragraph--medium"
/>
`;

exports[`Image placeholder component 
  length: "small"
 1`] = `
<div
  className="Placeholder-paragraph Placeholder--animation Placeholder-paragraph--small"
/>
`;
