// Jest Snapshot v1, https://goo.gl/fbAQLP

exports[`Input component 
  name: "name", placeholder: "Placeholder", onChangeHandler: "[Function]"
 1`] = `
<div
  className="Input Input--regular"
>
  <input
    className="Input-input Input-input--regular"
    name="name"
    placeholder="Placeholder"
    type="text"
  />
</div>
`;

exports[`Input component 
  name: "name", placeholder: "Placeholder", onChangeHandler: "[Function]", icon: "events"
 1`] = `
<div
  className="Input Input--regular"
>
  <div
    className="Input-icon Input-icon--left Input-icon--disabled"
  >
    <Icon
      appearance="default"
      name="events"
      size={16}
      type="filled"
    />
  </div>
  <input
    className="Input-input Input-input--regular"
    name="name"
    placeholder="Placeholder"
    type="text"
  />
</div>
`;

exports[`Input component 
  name: "name", placeholder: "Placeholder", onChangeHandler: "[Function]", value: "value"
 1`] = `
<div
  className="Input Input--regular"
>
  <input
    className="Input-input Input-input--regular"
    name="name"
    placeholder="Placeholder"
    type="text"
    value="value"
  />
</div>
`;

exports[`Input component 
  name: "name", placeholder: "Placeholder", onChangeHandler: "[Function]", value: "value", icon: "events"
 1`] = `
<div
  className="Input Input--regular"
>
  <div
    className="Input-icon Input-icon--left"
  >
    <Icon
      appearance="default"
      name="events"
      size={16}
      type="filled"
    />
  </div>
  <input
    className="Input-input Input-input--regular"
    name="name"
    placeholder="Placeholder"
    type="text"
    value="value"
  />
</div>
`;

exports[`Input component 
  name: "name", size: "large", onChangeHandler: "[Function]"
 1`] = `
<div
  className="Input Input--large"
>
  <input
    className="Input-input Input-input--large"
    name="name"
    type="text"
  />
</div>
`;

exports[`Input component 
  name: "name", size: "large", type: "number", inlineLabel: "USD", onChangeHandler: "[Function]"
 1`] = `
<div
  className="Input Input--large"
>
  <div
    className="Input-inlineLabel"
  >
    <Text
      appearance="subtle"
    >
      USD
    </Text>
  </div>
  <input
    className="Input-input Input-input--large"
    name="name"
    type="number"
  />
</div>
`;

exports[`Input component 
  name: "name", size: "regular", onChangeHandler: "[Function]"
 1`] = `
<div
  className="Input Input--regular"
>
  <input
    className="Input-input Input-input--regular"
    name="name"
    type="text"
  />
</div>
`;

exports[`Input component 
  name: "name", size: "regular", type: "number", inlineLabel: "USD", onChangeHandler: "[Function]"
 1`] = `
<div
  className="Input Input--regular"
>
  <div
    className="Input-inlineLabel"
  >
    <Text
      appearance="subtle"
    >
      USD
    </Text>
  </div>
  <input
    className="Input-input Input-input--regular"
    name="name"
    type="number"
  />
</div>
`;

exports[`Input component 
  name: "name", size: "tiny", onChangeHandler: "[Function]"
 1`] = `
<div
  className="Input Input--tiny"
>
  <input
    className="Input-input Input-input--tiny"
    name="name"
    type="text"
  />
</div>
`;

exports[`Input component 
  name: "name", size: "tiny", type: "number", inlineLabel: "USD", onChangeHandler: "[Function]"
 1`] = `
<div
  className="Input Input--tiny"
>
  <div
    className="Input-inlineLabel"
  >
    <Text
      appearance="subtle"
    >
      USD
    </Text>
  </div>
  <input
    className="Input-input Input-input--tiny"
    name="name"
    type="number"
  />
</div>
`;

exports[`Input component 
  name: "name", type: "number", onChangeHandler: "[Function]"
 1`] = `
<div
  className="Input Input--regular"
>
  <input
    className="Input-input Input-input--regular"
    name="name"
    type="number"
  />
</div>
`;

exports[`Input component 
  name: "name", type: "password", onChangeHandler: "[Function]"
 1`] = `
<div
  className="Input Input--regular"
>
  <input
    className="Input-input Input-input--regular"
    name="name"
    type="password"
  />
</div>
`;

exports[`Input component 
  name: "name", type: "text", onChangeHandler: "[Function]"
 1`] = `
<div
  className="Input Input--regular"
>
  <input
    className="Input-input Input-input--regular"
    name="name"
    type="text"
  />
</div>
`;

exports[`Input component 
  name: "name", value: "value", disabled: true
 1`] = `
<div
  className="Input Input--regular Input--disabled"
>
  <input
    className="Input-input Input-input--regular"
    disabled={true}
    name="name"
    type="text"
    value="value"
  />
</div>
`;

exports[`Input component 
  name: "name", value: "value", disabled: true, icon: "events"
 1`] = `
<div
  className="Input Input--regular Input--disabled"
>
  <div
    className="Input-icon Input-icon--left"
  >
    <Icon
      appearance="default"
      name="events"
      size={16}
      type="filled"
    />
  </div>
  <input
    className="Input-input Input-input--regular"
    disabled={true}
    name="name"
    type="text"
    value="value"
  />
</div>
`;

exports[`Input component 
  name: "name", value: "value", disabled: true, onChangeHandler: "[Function]"
 1`] = `
<div
  className="Input Input--regular Input--disabled"
>
  <input
    className="Input-input Input-input--regular"
    disabled={true}
    name="name"
    type="text"
    value="value"
  />
</div>
`;

exports[`Input component 
  name: "name", value: "value", disabled: true, onChangeHandler: "[Function]", icon: "events"
 1`] = `
<div
  className="Input Input--regular Input--disabled"
>
  <div
    className="Input-icon Input-icon--left"
  >
    <Icon
      appearance="default"
      name="events"
      size={16}
      type="filled"
    />
  </div>
  <input
    className="Input-input Input-input--regular"
    disabled={true}
    name="name"
    type="text"
    value="value"
  />
</div>
`;

exports[`Input component 
  name: "name", value: "value", error: true, onChangeHandler: "[Function]"
 1`] = `
<div
  className="Input Input--regular Input--error"
>
  <input
    className="Input-input Input-input--regular"
    name="name"
    type="text"
    value="value"
  />
</div>
`;

exports[`Input component 
  name: "name", value: "value", error: true, onChangeHandler: "[Function]", icon: "events"
 1`] = `
<div
  className="Input Input--regular Input--error"
>
  <div
    className="Input-icon Input-icon--left"
  >
    <Icon
      appearance="default"
      name="events"
      size={16}
      type="filled"
    />
  </div>
  <input
    className="Input-input Input-input--regular"
    name="name"
    type="text"
    value="value"
  />
</div>
`;
