// Jest Snapshot v1, https://goo.gl/fbAQLP

exports[`Textarea component 
  name: "Textarea", placeholder: "Write something..", disabled: false, onChange: "[Function]", value: "Design System"
 1`] = `
<DocumentFragment>
  <div
    class="Textarea"
  >
    <textarea
      class="Textarea-textarea"
      data-test="DesignSystem-Textarea"
      name="Textarea"
      placeholder="Write something.."
      rows="3"
    >
      Design System
    </textarea>
  </div>
</DocumentFragment>
`;

exports[`Textarea component 
  name: "Textarea", placeholder: "Write something..", disabled: true, onChange: "[Function]", value: "Design System"
 1`] = `
<DocumentFragment>
  <div
    class="Textarea"
  >
    <textarea
      class="Textarea-textarea"
      data-test="DesignSystem-Textarea"
      disabled=""
      name="Textarea"
      placeholder="Write something.."
      rows="3"
    >
      Design System
    </textarea>
  </div>
</DocumentFragment>
`;
