// Jest Snapshot v1, https://goo.gl/fbAQLP

exports[`Modal component 
  onClose: "[Function]", backdrop: false, dimension: "large", open: true
 1`] = `
<div>
  <Portal
    containerInfo={<body />}
  >
    <div
      className="Modal-container"
    >
      <div
        className="Modal"
      >
        <ModalHeader
          heading="Heading"
          icon="pan_tool"
          onClose={[Function]}
          subHeading="Subheading"
        />
      </div>
    </div>
  </Portal>
  <Backdrop
    open={true}
  />
</div>
`;

exports[`Modal component 
  onClose: "[Function]", backdrop: false, dimension: "medium", open: true
 1`] = `
<div>
  <Portal
    containerInfo={<body />}
  >
    <div
      className="Modal-container"
    >
      <div
        className="Modal"
      >
        <ModalHeader
          heading="Heading"
          icon="pan_tool"
          onClose={[Function]}
          subHeading="Subheading"
        />
      </div>
    </div>
  </Portal>
  <Backdrop
    open={true}
  />
</div>
`;

exports[`Modal component 
  onClose: "[Function]", backdrop: false, dimension: "small", open: true
 1`] = `
<div>
  <Portal
    containerInfo={<body />}
  >
    <div
      className="Modal-container"
    >
      <div
        className="Modal"
      >
        <ModalHeader
          heading="Heading"
          icon="pan_tool"
          onClose={[Function]}
          subHeading="Subheading"
        />
      </div>
    </div>
  </Portal>
  <Backdrop
    open={true}
  />
</div>
`;

exports[`Modal component 
  onClose: "[Function]", backdrop: true, dimension: "large", open: true
 1`] = `
<div>
  <Portal
    containerInfo={<body />}
  >
    <OutsideClick
      onOutsideClick={[Function]}
    >
      <div
        className="Modal-container"
      >
        <div
          className="Modal"
        >
          <ModalHeader
            heading="Heading"
            icon="pan_tool"
            onClose={[Function]}
            subHeading="Subheading"
          />
        </div>
      </div>
    </OutsideClick>
  </Portal>
  <Backdrop
    open={true}
  />
</div>
`;

exports[`Modal component 
  onClose: "[Function]", backdrop: true, dimension: "medium", open: true
 1`] = `
<div>
  <Portal
    containerInfo={<body />}
  >
    <OutsideClick
      onOutsideClick={[Function]}
    >
      <div
        className="Modal-container"
      >
        <div
          className="Modal"
        >
          <ModalHeader
            heading="Heading"
            icon="pan_tool"
            onClose={[Function]}
            subHeading="Subheading"
          />
        </div>
      </div>
    </OutsideClick>
  </Portal>
  <Backdrop
    open={true}
  />
</div>
`;

exports[`Modal component 
  onClose: "[Function]", backdrop: true, dimension: "small", open: true
 1`] = `
<div>
  <Portal
    containerInfo={<body />}
  >
    <OutsideClick
      onOutsideClick={[Function]}
    >
      <div
        className="Modal-container"
      >
        <div
          className="Modal"
        >
          <ModalHeader
            heading="Heading"
            icon="pan_tool"
            onClose={[Function]}
            subHeading="Subheading"
          />
        </div>
      </div>
    </OutsideClick>
  </Portal>
  <Backdrop
    open={true}
  />
</div>
`;
