// Jest Snapshot v1, https://goo.gl/fbAQLP

exports[`Paragraph component 
  appearance: "default"
 1`] = `
<GenericText
  className="Text Text--default"
  componentType="p"
>
  Sample string
</GenericText>
`;

exports[`Paragraph component 
  appearance: "destructive"
 1`] = `
<GenericText
  className="Text Text--destructive"
  componentType="p"
>
  Sample string
</GenericText>
`;

exports[`Paragraph component 
  appearance: "disabled"
 1`] = `
<GenericText
  className="Text Text--disabled"
  componentType="p"
>
  Sample string
</GenericText>
`;

exports[`Paragraph component 
  appearance: "subtle"
 1`] = `
<GenericText
  className="Text Text--subtle"
  componentType="p"
>
  Sample string
</GenericText>
`;

exports[`Paragraph component 
  appearance: "white"
 1`] = `
<GenericText
  className="Text Text--white"
  componentType="p"
>
  Sample string
</GenericText>
`;
