// Jest Snapshot v1, https://goo.gl/fbAQLP

exports[`Dialog component 
  onClose: "[Function]", dimension: "large", open: true, heading: "Sample String", icon: "Sample String", title: "Sample String", description: "Sample String", primaryButtonLabel: "Sample String", primaryButtonCallback: "[Function]", secondaryButtonLabel: "Sample String", secondaryButtonCallback: "[Function]"
 1`] = `
<Modal
  backdropClose={[MockFunction]}
  dimension="large"
  open={true}
>
  <ModalHeader
    heading="Sample String"
    icon="Sample String"
    onClose={[MockFunction]}
  />
  <ModalDescription
    description="Sample String"
    title="Sample String"
  />
  <ModalFooter>
    <Button
      appearance="basic"
      iconAlign="left"
      onClick={[MockFunction]}
      size="regular"
      tabIndex={0}
    >
      Sample String
    </Button>
    <Button
      appearance="primary"
      iconAlign="left"
      onClick={[MockFunction]}
      size="regular"
      tabIndex={0}
    >
      Sample String
    </Button>
  </ModalFooter>
</Modal>
`;

exports[`Dialog component 
  onClose: "[Function]", dimension: "medium", open: true, heading: "Sample String", icon: "Sample String", title: "Sample String", description: "Sample String", primaryButtonLabel: "Sample String", primaryButtonCallback: "[Function]", secondaryButtonLabel: "Sample String", secondaryButtonCallback: "[Function]"
 1`] = `
<Modal
  backdropClose={[MockFunction]}
  dimension="medium"
  open={true}
>
  <ModalHeader
    heading="Sample String"
    icon="Sample String"
    onClose={[MockFunction]}
  />
  <ModalDescription
    description="Sample String"
    title="Sample String"
  />
  <ModalFooter>
    <Button
      appearance="basic"
      iconAlign="left"
      onClick={[MockFunction]}
      size="regular"
      tabIndex={0}
    >
      Sample String
    </Button>
    <Button
      appearance="primary"
      iconAlign="left"
      onClick={[MockFunction]}
      size="regular"
      tabIndex={0}
    >
      Sample String
    </Button>
  </ModalFooter>
</Modal>
`;

exports[`Dialog component 
  onClose: "[Function]", dimension: "small", open: true, heading: "Sample String", icon: "Sample String", title: "Sample String", description: "Sample String", primaryButtonLabel: "Sample String", primaryButtonCallback: "[Function]", secondaryButtonLabel: "Sample String", secondaryButtonCallback: "[Function]"
 1`] = `
<Modal
  backdropClose={[MockFunction]}
  dimension="small"
  open={true}
>
  <ModalHeader
    heading="Sample String"
    icon="Sample String"
    onClose={[MockFunction]}
  />
  <ModalDescription
    description="Sample String"
    title="Sample String"
  />
  <ModalFooter>
    <Button
      appearance="basic"
      iconAlign="left"
      onClick={[MockFunction]}
      size="regular"
      tabIndex={0}
    >
      Sample String
    </Button>
    <Button
      appearance="primary"
      iconAlign="left"
      onClick={[MockFunction]}
      size="regular"
      tabIndex={0}
    >
      Sample String
    </Button>
  </ModalFooter>
</Modal>
`;

exports[`Dialog component 
  onClose: "[Function]", open: true, heading: "Sample String", icon: "Sample String", title: "Sample String", description: "Sample String", primaryButtonLabel: "Sample String", primaryButtonAppearance: "alert", primaryButtonCallback: "[Function]", secondaryButtonLabel: "Sample String", secondaryButtonCallback: "[Function]"
 1`] = `
<Modal
  backdropClose={[MockFunction]}
  dimension="small"
  open={true}
>
  <ModalHeader
    heading="Sample String"
    icon="Sample String"
    onClose={[MockFunction]}
  />
  <ModalDescription
    description="Sample String"
    title="Sample String"
  />
  <ModalFooter>
    <Button
      appearance="basic"
      iconAlign="left"
      onClick={[MockFunction]}
      size="regular"
      tabIndex={0}
    >
      Sample String
    </Button>
    <Button
      appearance="alert"
      iconAlign="left"
      onClick={[MockFunction]}
      size="regular"
      tabIndex={0}
    >
      Sample String
    </Button>
  </ModalFooter>
</Modal>
`;

exports[`Dialog component 
  onClose: "[Function]", open: true, heading: "Sample String", icon: "Sample String", title: "Sample String", description: "Sample String", primaryButtonLabel: "Sample String", primaryButtonAppearance: "basic", primaryButtonCallback: "[Function]", secondaryButtonLabel: "Sample String", secondaryButtonCallback: "[Function]"
 1`] = `
<Modal
  backdropClose={[MockFunction]}
  dimension="small"
  open={true}
>
  <ModalHeader
    heading="Sample String"
    icon="Sample String"
    onClose={[MockFunction]}
  />
  <ModalDescription
    description="Sample String"
    title="Sample String"
  />
  <ModalFooter>
    <Button
      appearance="basic"
      iconAlign="left"
      onClick={[MockFunction]}
      size="regular"
      tabIndex={0}
    >
      Sample String
    </Button>
    <Button
      appearance="basic"
      iconAlign="left"
      onClick={[MockFunction]}
      size="regular"
      tabIndex={0}
    >
      Sample String
    </Button>
  </ModalFooter>
</Modal>
`;

exports[`Dialog component 
  onClose: "[Function]", open: true, heading: "Sample String", icon: "Sample String", title: "Sample String", description: "Sample String", primaryButtonLabel: "Sample String", primaryButtonAppearance: "primary", primaryButtonCallback: "[Function]", secondaryButtonLabel: "Sample String", secondaryButtonCallback: "[Function]"
 1`] = `
<Modal
  backdropClose={[MockFunction]}
  dimension="small"
  open={true}
>
  <ModalHeader
    heading="Sample String"
    icon="Sample String"
    onClose={[MockFunction]}
  />
  <ModalDescription
    description="Sample String"
    title="Sample String"
  />
  <ModalFooter>
    <Button
      appearance="basic"
      iconAlign="left"
      onClick={[MockFunction]}
      size="regular"
      tabIndex={0}
    >
      Sample String
    </Button>
    <Button
      appearance="primary"
      iconAlign="left"
      onClick={[MockFunction]}
      size="regular"
      tabIndex={0}
    >
      Sample String
    </Button>
  </ModalFooter>
</Modal>
`;

exports[`Dialog component 
  onClose: "[Function]", open: true, heading: "Sample String", icon: "Sample String", title: "Sample String", description: "Sample String", primaryButtonLabel: "Sample String", primaryButtonAppearance: "success", primaryButtonCallback: "[Function]", secondaryButtonLabel: "Sample String", secondaryButtonCallback: "[Function]"
 1`] = `
<Modal
  backdropClose={[MockFunction]}
  dimension="small"
  open={true}
>
  <ModalHeader
    heading="Sample String"
    icon="Sample String"
    onClose={[MockFunction]}
  />
  <ModalDescription
    description="Sample String"
    title="Sample String"
  />
  <ModalFooter>
    <Button
      appearance="basic"
      iconAlign="left"
      onClick={[MockFunction]}
      size="regular"
      tabIndex={0}
    >
      Sample String
    </Button>
    <Button
      appearance="success"
      iconAlign="left"
      onClick={[MockFunction]}
      size="regular"
      tabIndex={0}
    >
      Sample String
    </Button>
  </ModalFooter>
</Modal>
`;

exports[`Dialog component 
  onClose: "[Function]", open: true, heading: "Sample String", icon: "Sample String", title: "Sample String", description: "Sample String", primaryButtonLabel: "Sample String", primaryButtonAppearance: "transparent", primaryButtonCallback: "[Function]", secondaryButtonLabel: "Sample String", secondaryButtonCallback: "[Function]"
 1`] = `
<Modal
  backdropClose={[MockFunction]}
  dimension="small"
  open={true}
>
  <ModalHeader
    heading="Sample String"
    icon="Sample String"
    onClose={[MockFunction]}
  />
  <ModalDescription
    description="Sample String"
    title="Sample String"
  />
  <ModalFooter>
    <Button
      appearance="basic"
      iconAlign="left"
      onClick={[MockFunction]}
      size="regular"
      tabIndex={0}
    >
      Sample String
    </Button>
    <Button
      appearance="transparent"
      iconAlign="left"
      onClick={[MockFunction]}
      size="regular"
      tabIndex={0}
    >
      Sample String
    </Button>
  </ModalFooter>
</Modal>
`;

exports[`Dialog component 
  onClose: "[Function]", open: true, heading: "Sample String", icon: "Sample String", title: "Sample String", description: "Sample String", primaryButtonLabel: "Sample String", primaryButtonCallback: "[Function]", secondaryButtonLabel: "Sample String", secondaryButtonCallback: "[Function]", secondaryButtonAppearance: "alert"
 1`] = `
<Modal
  backdropClose={[MockFunction]}
  dimension="small"
  open={true}
>
  <ModalHeader
    heading="Sample String"
    icon="Sample String"
    onClose={[MockFunction]}
  />
  <ModalDescription
    description="Sample String"
    title="Sample String"
  />
  <ModalFooter>
    <Button
      appearance="alert"
      iconAlign="left"
      onClick={[MockFunction]}
      size="regular"
      tabIndex={0}
    >
      Sample String
    </Button>
    <Button
      appearance="primary"
      iconAlign="left"
      onClick={[MockFunction]}
      size="regular"
      tabIndex={0}
    >
      Sample String
    </Button>
  </ModalFooter>
</Modal>
`;

exports[`Dialog component 
  onClose: "[Function]", open: true, heading: "Sample String", icon: "Sample String", title: "Sample String", description: "Sample String", primaryButtonLabel: "Sample String", primaryButtonCallback: "[Function]", secondaryButtonLabel: "Sample String", secondaryButtonCallback: "[Function]", secondaryButtonAppearance: "basic"
 1`] = `
<Modal
  backdropClose={[MockFunction]}
  dimension="small"
  open={true}
>
  <ModalHeader
    heading="Sample String"
    icon="Sample String"
    onClose={[MockFunction]}
  />
  <ModalDescription
    description="Sample String"
    title="Sample String"
  />
  <ModalFooter>
    <Button
      appearance="basic"
      iconAlign="left"
      onClick={[MockFunction]}
      size="regular"
      tabIndex={0}
    >
      Sample String
    </Button>
    <Button
      appearance="primary"
      iconAlign="left"
      onClick={[MockFunction]}
      size="regular"
      tabIndex={0}
    >
      Sample String
    </Button>
  </ModalFooter>
</Modal>
`;

exports[`Dialog component 
  onClose: "[Function]", open: true, heading: "Sample String", icon: "Sample String", title: "Sample String", description: "Sample String", primaryButtonLabel: "Sample String", primaryButtonCallback: "[Function]", secondaryButtonLabel: "Sample String", secondaryButtonCallback: "[Function]", secondaryButtonAppearance: "primary"
 1`] = `
<Modal
  backdropClose={[MockFunction]}
  dimension="small"
  open={true}
>
  <ModalHeader
    heading="Sample String"
    icon="Sample String"
    onClose={[MockFunction]}
  />
  <ModalDescription
    description="Sample String"
    title="Sample String"
  />
  <ModalFooter>
    <Button
      appearance="primary"
      iconAlign="left"
      onClick={[MockFunction]}
      size="regular"
      tabIndex={0}
    >
      Sample String
    </Button>
    <Button
      appearance="primary"
      iconAlign="left"
      onClick={[MockFunction]}
      size="regular"
      tabIndex={0}
    >
      Sample String
    </Button>
  </ModalFooter>
</Modal>
`;

exports[`Dialog component 
  onClose: "[Function]", open: true, heading: "Sample String", icon: "Sample String", title: "Sample String", description: "Sample String", primaryButtonLabel: "Sample String", primaryButtonCallback: "[Function]", secondaryButtonLabel: "Sample String", secondaryButtonCallback: "[Function]", secondaryButtonAppearance: "success"
 1`] = `
<Modal
  backdropClose={[MockFunction]}
  dimension="small"
  open={true}
>
  <ModalHeader
    heading="Sample String"
    icon="Sample String"
    onClose={[MockFunction]}
  />
  <ModalDescription
    description="Sample String"
    title="Sample String"
  />
  <ModalFooter>
    <Button
      appearance="success"
      iconAlign="left"
      onClick={[MockFunction]}
      size="regular"
      tabIndex={0}
    >
      Sample String
    </Button>
    <Button
      appearance="primary"
      iconAlign="left"
      onClick={[MockFunction]}
      size="regular"
      tabIndex={0}
    >
      Sample String
    </Button>
  </ModalFooter>
</Modal>
`;

exports[`Dialog component 
  onClose: "[Function]", open: true, heading: "Sample String", icon: "Sample String", title: "Sample String", description: "Sample String", primaryButtonLabel: "Sample String", primaryButtonCallback: "[Function]", secondaryButtonLabel: "Sample String", secondaryButtonCallback: "[Function]", secondaryButtonAppearance: "transparent"
 1`] = `
<Modal
  backdropClose={[MockFunction]}
  dimension="small"
  open={true}
>
  <ModalHeader
    heading="Sample String"
    icon="Sample String"
    onClose={[MockFunction]}
  />
  <ModalDescription
    description="Sample String"
    title="Sample String"
  />
  <ModalFooter>
    <Button
      appearance="transparent"
      iconAlign="left"
      onClick={[MockFunction]}
      size="regular"
      tabIndex={0}
    >
      Sample String
    </Button>
    <Button
      appearance="primary"
      iconAlign="left"
      onClick={[MockFunction]}
      size="regular"
      tabIndex={0}
    >
      Sample String
    </Button>
  </ModalFooter>
</Modal>
`;
