// Jest Snapshot v1, https://goo.gl/fbAQLP

exports[`ModalHeader component 
  onClose: "[Function]"
 1`] = `
<div
  className="Modal-header-wrapper"
>
  <div
    className="Modal-header"
  >
    <div>
      <Heading
        appearance="default"
        size="m"
      />
    </div>
    <div
      className="Modal-close-icon"
      onClick={[Function]}
    >
      <Icon
        appearance="default"
        name="close"
        size={16}
        type="filled"
      />
    </div>
  </div>
</div>
`;

exports[`ModalHeader component 
  onClose: "[Function]", heading: "events"
 1`] = `
<div
  className="Modal-header-wrapper"
>
  <div
    className="Modal-header"
  >
    <div>
      <Heading
        appearance="default"
        size="m"
      >
        events
      </Heading>
    </div>
    <div
      className="Modal-close-icon"
      onClick={[Function]}
    >
      <Icon
        appearance="default"
        name="close"
        size={16}
        type="filled"
      />
    </div>
  </div>
</div>
`;

exports[`ModalHeader component 
  onClose: "[Function]", heading: "events", subHeading: "events"
 1`] = `
<div
  className="Modal-header-wrapper"
>
  <div
    className="Modal-header"
  >
    <div>
      <Heading
        appearance="default"
        size="m"
      >
        events
      </Heading>
    </div>
    <div
      className="Modal-close-icon"
      onClick={[Function]}
    >
      <Icon
        appearance="default"
        name="close"
        size={16}
        type="filled"
      />
    </div>
  </div>
  <div
    className="Modal-header-subheader"
  >
    <Text
      appearance="subtle"
    >
      events
    </Text>
  </div>
</div>
`;

exports[`ModalHeader component 
  onClose: "[Function]", icon: "events"
 1`] = `
<div
  className="Modal-header-wrapper"
>
  <div
    className="Modal-header"
  >
    <div
      className="Modal-header-icon"
    >
      <Icon
        appearance="default"
        name="events"
        size={16}
        type="filled"
      />
    </div>
    <div>
      <Heading
        appearance="default"
        size="m"
      />
    </div>
    <div
      className="Modal-close-icon"
      onClick={[Function]}
    >
      <Icon
        appearance="default"
        name="close"
        size={16}
        type="filled"
      />
    </div>
  </div>
</div>
`;

exports[`ModalHeader component 
  onClose: "[Function]", icon: "events", heading: "events"
 1`] = `
<div
  className="Modal-header-wrapper"
>
  <div
    className="Modal-header"
  >
    <div
      className="Modal-header-icon"
    >
      <Icon
        appearance="default"
        name="events"
        size={16}
        type="filled"
      />
    </div>
    <div>
      <Heading
        appearance="default"
        size="m"
      >
        events
      </Heading>
    </div>
    <div
      className="Modal-close-icon"
      onClick={[Function]}
    >
      <Icon
        appearance="default"
        name="close"
        size={16}
        type="filled"
      />
    </div>
  </div>
</div>
`;

exports[`ModalHeader component 
  onClose: "[Function]", icon: "events", heading: "events", subHeading: "events"
 1`] = `
<div
  className="Modal-header-wrapper"
>
  <div
    className="Modal-header"
  >
    <div
      className="Modal-header-icon"
    >
      <Icon
        appearance="default"
        name="events"
        size={16}
        type="filled"
      />
    </div>
    <div>
      <Heading
        appearance="default"
        size="m"
      >
        events
      </Heading>
    </div>
    <div
      className="Modal-close-icon"
      onClick={[Function]}
    >
      <Icon
        appearance="default"
        name="close"
        size={16}
        type="filled"
      />
    </div>
  </div>
  <div
    className="Modal-header-subheader Modal-header-subheader--withIcon"
  >
    <Text
      appearance="subtle"
    >
      events
    </Text>
  </div>
</div>
`;

exports[`ModalHeader component 
  onClose: "[Function]", icon: "events", subHeading: "events"
 1`] = `
<div
  className="Modal-header-wrapper"
>
  <div
    className="Modal-header"
  >
    <div
      className="Modal-header-icon"
    >
      <Icon
        appearance="default"
        name="events"
        size={16}
        type="filled"
      />
    </div>
    <div>
      <Heading
        appearance="default"
        size="m"
      />
    </div>
    <div
      className="Modal-close-icon"
      onClick={[Function]}
    >
      <Icon
        appearance="default"
        name="close"
        size={16}
        type="filled"
      />
    </div>
  </div>
  <div
    className="Modal-header-subheader Modal-header-subheader--withIcon"
  >
    <Text
      appearance="subtle"
    >
      events
    </Text>
  </div>
</div>
`;

exports[`ModalHeader component 
  onClose: "[Function]", subHeading: "events"
 1`] = `
<div
  className="Modal-header-wrapper"
>
  <div
    className="Modal-header"
  >
    <div>
      <Heading
        appearance="default"
        size="m"
      />
    </div>
    <div
      className="Modal-close-icon"
      onClick={[Function]}
    >
      <Icon
        appearance="default"
        name="close"
        size={16}
        type="filled"
      />
    </div>
  </div>
  <div
    className="Modal-header-subheader"
  >
    <Text
      appearance="subtle"
    >
      events
    </Text>
  </div>
</div>
`;
