// Jest Snapshot v1, https://goo.gl/fbAQLP

exports[`Popover component 
  position: "bottom", verticalOffset: 10, trigger: "[ReactNode]", closeOnBackdropClick: false, style: {"width":{"required":true,"value":"150px"},"height":{"required":true,"value":"150px"}}
 1`] = `
<PopperWrapper
  appendToBody={true}
  closeOnBackdropClick={false}
  offset="Large"
  on="click"
  placement="bottom"
  style={
    Object {
      "height": Object {
        "iterate": undefined,
        "required": true,
        "value": "150px",
      },
      "width": Object {
        "iterate": undefined,
        "required": true,
        "value": "150px",
      },
    }
  }
  trigger={
    <Button
      appearance="basic"
    >
      Open Popup
    </Button>
  }
>
  <div
    className="Popover"
  >
    Popover
  </div>
</PopperWrapper>
`;

exports[`Popover component 
  position: "bottom", verticalOffset: 10, trigger: "[ReactNode]", closeOnBackdropClick: true, style: {"width":{"required":true,"value":"150px"},"height":{"required":true,"value":"150px"}}
 1`] = `
<PopperWrapper
  appendToBody={true}
  closeOnBackdropClick={true}
  offset="Large"
  on="click"
  placement="bottom"
  style={
    Object {
      "height": Object {
        "iterate": undefined,
        "required": true,
        "value": "150px",
      },
      "width": Object {
        "iterate": undefined,
        "required": true,
        "value": "150px",
      },
    }
  }
  trigger={
    <Button
      appearance="basic"
    >
      Open Popup
    </Button>
  }
>
  <div
    className="Popover"
  >
    Popover
  </div>
</PopperWrapper>
`;

exports[`Popover component 
  position: "bottom-end", verticalOffset: 10, trigger: "[ReactNode]", closeOnBackdropClick: false, style: {"width":{"required":true,"value":"150px"},"height":{"required":true,"value":"150px"}}
 1`] = `
<PopperWrapper
  appendToBody={true}
  closeOnBackdropClick={false}
  offset="Large"
  on="click"
  placement="bottom-end"
  style={
    Object {
      "height": Object {
        "iterate": undefined,
        "required": true,
        "value": "150px",
      },
      "width": Object {
        "iterate": undefined,
        "required": true,
        "value": "150px",
      },
    }
  }
  trigger={
    <Button
      appearance="basic"
    >
      Open Popup
    </Button>
  }
>
  <div
    className="Popover"
  >
    Popover
  </div>
</PopperWrapper>
`;

exports[`Popover component 
  position: "bottom-end", verticalOffset: 10, trigger: "[ReactNode]", closeOnBackdropClick: true, style: {"width":{"required":true,"value":"150px"},"height":{"required":true,"value":"150px"}}
 1`] = `
<PopperWrapper
  appendToBody={true}
  closeOnBackdropClick={true}
  offset="Large"
  on="click"
  placement="bottom-end"
  style={
    Object {
      "height": Object {
        "iterate": undefined,
        "required": true,
        "value": "150px",
      },
      "width": Object {
        "iterate": undefined,
        "required": true,
        "value": "150px",
      },
    }
  }
  trigger={
    <Button
      appearance="basic"
    >
      Open Popup
    </Button>
  }
>
  <div
    className="Popover"
  >
    Popover
  </div>
</PopperWrapper>
`;

exports[`Popover component 
  position: "bottom-start", verticalOffset: 10, trigger: "[ReactNode]", closeOnBackdropClick: false, style: {"width":{"required":true,"value":"150px"},"height":{"required":true,"value":"150px"}}
 1`] = `
<PopperWrapper
  appendToBody={true}
  closeOnBackdropClick={false}
  offset="Large"
  on="click"
  placement="bottom-start"
  style={
    Object {
      "height": Object {
        "iterate": undefined,
        "required": true,
        "value": "150px",
      },
      "width": Object {
        "iterate": undefined,
        "required": true,
        "value": "150px",
      },
    }
  }
  trigger={
    <Button
      appearance="basic"
    >
      Open Popup
    </Button>
  }
>
  <div
    className="Popover"
  >
    Popover
  </div>
</PopperWrapper>
`;

exports[`Popover component 
  position: "bottom-start", verticalOffset: 10, trigger: "[ReactNode]", closeOnBackdropClick: true, style: {"width":{"required":true,"value":"150px"},"height":{"required":true,"value":"150px"}}
 1`] = `
<PopperWrapper
  appendToBody={true}
  closeOnBackdropClick={true}
  offset="Large"
  on="click"
  placement="bottom-start"
  style={
    Object {
      "height": Object {
        "iterate": undefined,
        "required": true,
        "value": "150px",
      },
      "width": Object {
        "iterate": undefined,
        "required": true,
        "value": "150px",
      },
    }
  }
  trigger={
    <Button
      appearance="basic"
    >
      Open Popup
    </Button>
  }
>
  <div
    className="Popover"
  >
    Popover
  </div>
</PopperWrapper>
`;

exports[`Popover component 
  position: "top", verticalOffset: 10, trigger: "[ReactNode]", closeOnBackdropClick: false, style: {"width":{"required":true,"value":"150px"},"height":{"required":true,"value":"150px"}}
 1`] = `
<PopperWrapper
  appendToBody={true}
  closeOnBackdropClick={false}
  offset="Large"
  on="click"
  placement="top"
  style={
    Object {
      "height": Object {
        "iterate": undefined,
        "required": true,
        "value": "150px",
      },
      "width": Object {
        "iterate": undefined,
        "required": true,
        "value": "150px",
      },
    }
  }
  trigger={
    <Button
      appearance="basic"
    >
      Open Popup
    </Button>
  }
>
  <div
    className="Popover"
  >
    Popover
  </div>
</PopperWrapper>
`;

exports[`Popover component 
  position: "top", verticalOffset: 10, trigger: "[ReactNode]", closeOnBackdropClick: true, style: {"width":{"required":true,"value":"150px"},"height":{"required":true,"value":"150px"}}
 1`] = `
<PopperWrapper
  appendToBody={true}
  closeOnBackdropClick={true}
  offset="Large"
  on="click"
  placement="top"
  style={
    Object {
      "height": Object {
        "iterate": undefined,
        "required": true,
        "value": "150px",
      },
      "width": Object {
        "iterate": undefined,
        "required": true,
        "value": "150px",
      },
    }
  }
  trigger={
    <Button
      appearance="basic"
    >
      Open Popup
    </Button>
  }
>
  <div
    className="Popover"
  >
    Popover
  </div>
</PopperWrapper>
`;

exports[`Popover component 
  position: "top-end", verticalOffset: 10, trigger: "[ReactNode]", closeOnBackdropClick: false, style: {"width":{"required":true,"value":"150px"},"height":{"required":true,"value":"150px"}}
 1`] = `
<PopperWrapper
  appendToBody={true}
  closeOnBackdropClick={false}
  offset="Large"
  on="click"
  placement="top-end"
  style={
    Object {
      "height": Object {
        "iterate": undefined,
        "required": true,
        "value": "150px",
      },
      "width": Object {
        "iterate": undefined,
        "required": true,
        "value": "150px",
      },
    }
  }
  trigger={
    <Button
      appearance="basic"
    >
      Open Popup
    </Button>
  }
>
  <div
    className="Popover"
  >
    Popover
  </div>
</PopperWrapper>
`;

exports[`Popover component 
  position: "top-end", verticalOffset: 10, trigger: "[ReactNode]", closeOnBackdropClick: true, style: {"width":{"required":true,"value":"150px"},"height":{"required":true,"value":"150px"}}
 1`] = `
<PopperWrapper
  appendToBody={true}
  closeOnBackdropClick={true}
  offset="Large"
  on="click"
  placement="top-end"
  style={
    Object {
      "height": Object {
        "iterate": undefined,
        "required": true,
        "value": "150px",
      },
      "width": Object {
        "iterate": undefined,
        "required": true,
        "value": "150px",
      },
    }
  }
  trigger={
    <Button
      appearance="basic"
    >
      Open Popup
    </Button>
  }
>
  <div
    className="Popover"
  >
    Popover
  </div>
</PopperWrapper>
`;

exports[`Popover component 
  position: "top-start", verticalOffset: 10, trigger: "[ReactNode]", closeOnBackdropClick: false, style: {"width":{"required":true,"value":"150px"},"height":{"required":true,"value":"150px"}}
 1`] = `
<PopperWrapper
  appendToBody={true}
  closeOnBackdropClick={false}
  offset="Large"
  on="click"
  placement="top-start"
  style={
    Object {
      "height": Object {
        "iterate": undefined,
        "required": true,
        "value": "150px",
      },
      "width": Object {
        "iterate": undefined,
        "required": true,
        "value": "150px",
      },
    }
  }
  trigger={
    <Button
      appearance="basic"
    >
      Open Popup
    </Button>
  }
>
  <div
    className="Popover"
  >
    Popover
  </div>
</PopperWrapper>
`;

exports[`Popover component 
  position: "top-start", verticalOffset: 10, trigger: "[ReactNode]", closeOnBackdropClick: true, style: {"width":{"required":true,"value":"150px"},"height":{"required":true,"value":"150px"}}
 1`] = `
<PopperWrapper
  appendToBody={true}
  closeOnBackdropClick={true}
  offset="Large"
  on="click"
  placement="top-start"
  style={
    Object {
      "height": Object {
        "iterate": undefined,
        "required": true,
        "value": "150px",
      },
      "width": Object {
        "iterate": undefined,
        "required": true,
        "value": "150px",
      },
    }
  }
  trigger={
    <Button
      appearance="basic"
    >
      Open Popup
    </Button>
  }
>
  <div
    className="Popover"
  >
    Popover
  </div>
</PopperWrapper>
`;

exports[`Popover component 
  verticalOffset: 10, trigger: "[ReactNode]", dark: false, closeOnBackdropClick: false, style: {"width":{"required":true,"value":"150px"},"height":{"required":true,"value":"150px"}}
 1`] = `
<PopperWrapper
  appendToBody={true}
  closeOnBackdropClick={false}
  offset="Large"
  on="click"
  placement="bottom"
  style={
    Object {
      "height": Object {
        "iterate": undefined,
        "required": true,
        "value": "150px",
      },
      "width": Object {
        "iterate": undefined,
        "required": true,
        "value": "150px",
      },
    }
  }
  trigger={
    <Button
      appearance="basic"
    >
      Open Popup
    </Button>
  }
>
  <div
    className="Popover"
  >
    Popover
  </div>
</PopperWrapper>
`;

exports[`Popover component 
  verticalOffset: 10, trigger: "[ReactNode]", dark: false, closeOnBackdropClick: true, style: {"width":{"required":true,"value":"150px"},"height":{"required":true,"value":"150px"}}
 1`] = `
<PopperWrapper
  appendToBody={true}
  closeOnBackdropClick={true}
  offset="Large"
  on="click"
  placement="bottom"
  style={
    Object {
      "height": Object {
        "iterate": undefined,
        "required": true,
        "value": "150px",
      },
      "width": Object {
        "iterate": undefined,
        "required": true,
        "value": "150px",
      },
    }
  }
  trigger={
    <Button
      appearance="basic"
    >
      Open Popup
    </Button>
  }
>
  <div
    className="Popover"
  >
    Popover
  </div>
</PopperWrapper>
`;

exports[`Popover component 
  verticalOffset: 10, trigger: "[ReactNode]", dark: true, closeOnBackdropClick: false, style: {"width":{"required":true,"value":"150px"},"height":{"required":true,"value":"150px"}}
 1`] = `
<PopperWrapper
  appendToBody={true}
  closeOnBackdropClick={false}
  offset="Large"
  on="click"
  placement="bottom"
  style={
    Object {
      "height": Object {
        "iterate": undefined,
        "required": true,
        "value": "150px",
      },
      "width": Object {
        "iterate": undefined,
        "required": true,
        "value": "150px",
      },
    }
  }
  trigger={
    <Button
      appearance="basic"
    >
      Open Popup
    </Button>
  }
>
  <div
    className="Popover Popover--dark"
  >
    Popover
  </div>
</PopperWrapper>
`;

exports[`Popover component 
  verticalOffset: 10, trigger: "[ReactNode]", dark: true, closeOnBackdropClick: true, style: {"width":{"required":true,"value":"150px"},"height":{"required":true,"value":"150px"}}
 1`] = `
<PopperWrapper
  appendToBody={true}
  closeOnBackdropClick={true}
  offset="Large"
  on="click"
  placement="bottom"
  style={
    Object {
      "height": Object {
        "iterate": undefined,
        "required": true,
        "value": "150px",
      },
      "width": Object {
        "iterate": undefined,
        "required": true,
        "value": "150px",
      },
    }
  }
  trigger={
    <Button
      appearance="basic"
    >
      Open Popup
    </Button>
  }
>
  <div
    className="Popover Popover--dark"
  >
    Popover
  </div>
</PopperWrapper>
`;
