// Jest Snapshot v1, https://goo.gl/fbAQLP

exports[`Button component 
  appearance: "alert", disabled: true
 1`] = `
<button
  className="Button Button--regular Button--alert Button--iconAlign-left"
  disabled={true}
>
  Button
</button>
`;

exports[`Button component 
  appearance: "alert", expanded: false
 1`] = `
<button
  className="Button Button--regular Button--alert Button--iconAlign-left"
>
  Button
</button>
`;

exports[`Button component 
  appearance: "alert", expanded: true
 1`] = `
<button
  className="Button Button--expanded Button--regular Button--alert Button--iconAlign-left"
>
  Button
</button>
`;

exports[`Button component 
  appearance: "alert", loading: true
 1`] = `
<button
  className="Button Button--regular Button--alert Button--iconAlign-left"
  disabled={true}
>
  <Spinner
    appearance="white"
    size="small"
  />
  Button
</button>
`;

exports[`Button component 
  appearance: "basic", disabled: true
 1`] = `
<button
  className="Button Button--regular Button--basic Button--iconAlign-left"
  disabled={true}
>
  Button
</button>
`;

exports[`Button component 
  appearance: "basic", expanded: false
 1`] = `
<button
  className="Button Button--regular Button--basic Button--iconAlign-left"
>
  Button
</button>
`;

exports[`Button component 
  appearance: "basic", expanded: true
 1`] = `
<button
  className="Button Button--expanded Button--regular Button--basic Button--iconAlign-left"
>
  Button
</button>
`;

exports[`Button component 
  appearance: "basic", loading: true
 1`] = `
<button
  className="Button Button--regular Button--basic Button--iconAlign-left"
  disabled={true}
>
  <Spinner
    appearance="secondary"
    size="small"
  />
  Button
</button>
`;

exports[`Button component 
  appearance: "primary", disabled: true
 1`] = `
<button
  className="Button Button--regular Button--primary Button--iconAlign-left"
  disabled={true}
>
  Button
</button>
`;

exports[`Button component 
  appearance: "primary", expanded: false
 1`] = `
<button
  className="Button Button--regular Button--primary Button--iconAlign-left"
>
  Button
</button>
`;

exports[`Button component 
  appearance: "primary", expanded: true
 1`] = `
<button
  className="Button Button--expanded Button--regular Button--primary Button--iconAlign-left"
>
  Button
</button>
`;

exports[`Button component 
  appearance: "primary", loading: true
 1`] = `
<button
  className="Button Button--regular Button--primary Button--iconAlign-left"
  disabled={true}
>
  <Spinner
    appearance="white"
    size="small"
  />
  Button
</button>
`;

exports[`Button component 
  appearance: "success", disabled: true
 1`] = `
<button
  className="Button Button--regular Button--success Button--iconAlign-left"
  disabled={true}
>
  Button
</button>
`;

exports[`Button component 
  appearance: "success", expanded: false
 1`] = `
<button
  className="Button Button--regular Button--success Button--iconAlign-left"
>
  Button
</button>
`;

exports[`Button component 
  appearance: "success", expanded: true
 1`] = `
<button
  className="Button Button--expanded Button--regular Button--success Button--iconAlign-left"
>
  Button
</button>
`;

exports[`Button component 
  appearance: "success", loading: true
 1`] = `
<button
  className="Button Button--regular Button--success Button--iconAlign-left"
  disabled={true}
>
  <Spinner
    appearance="white"
    size="small"
  />
  Button
</button>
`;

exports[`Button component 
  appearance: "transparent", disabled: true
 1`] = `
<button
  className="Button Button--regular Button--transparent Button--iconAlign-left"
  disabled={true}
>
  Button
</button>
`;

exports[`Button component 
  appearance: "transparent", expanded: false
 1`] = `
<button
  className="Button Button--regular Button--transparent Button--iconAlign-left"
>
  Button
</button>
`;

exports[`Button component 
  appearance: "transparent", expanded: true
 1`] = `
<button
  className="Button Button--expanded Button--regular Button--transparent Button--iconAlign-left"
>
  Button
</button>
`;

exports[`Button component 
  appearance: "transparent", loading: true
 1`] = `
<button
  className="Button Button--regular Button--transparent Button--iconAlign-left"
  disabled={true}
>
  <Spinner
    appearance="secondary"
    size="small"
  />
  Button
</button>
`;

exports[`Button component 
  size: "large"
 1`] = `
<button
  className="Button Button--large Button--basic Button--iconAlign-left"
>
  Button
</button>
`;

exports[`Button component 
  size: "large", icon: "events", iconAlign: "left"
 1`] = `
<button
  className="Button Button--large Button--basic Button--iconAlign-left"
>
  <div
    className="Button-icon Button-icon--left"
  >
    <Icon
      appearance="default"
      name="events"
      size={20}
    />
  </div>
  Button
</button>
`;

exports[`Button component 
  size: "large", icon: "events", iconAlign: "right"
 1`] = `
<button
  className="Button Button--large Button--basic Button--iconAlign-right"
>
  <div
    className="Button-icon Button-icon--right"
  >
    <Icon
      appearance="default"
      name="events"
      size={20}
    />
  </div>
  Button
</button>
`;

exports[`Button component 
  size: "regular"
 1`] = `
<button
  className="Button Button--regular Button--basic Button--iconAlign-left"
>
  Button
</button>
`;

exports[`Button component 
  size: "regular", icon: "events", iconAlign: "left"
 1`] = `
<button
  className="Button Button--regular Button--basic Button--iconAlign-left"
>
  <div
    className="Button-icon Button-icon--left"
  >
    <Icon
      appearance="default"
      name="events"
      size={16}
    />
  </div>
  Button
</button>
`;

exports[`Button component 
  size: "regular", icon: "events", iconAlign: "right"
 1`] = `
<button
  className="Button Button--regular Button--basic Button--iconAlign-right"
>
  <div
    className="Button-icon Button-icon--right"
  >
    <Icon
      appearance="default"
      name="events"
      size={16}
    />
  </div>
  Button
</button>
`;

exports[`Button component 
  size: "tiny"
 1`] = `
<button
  className="Button Button--tiny Button--basic Button--iconAlign-left"
>
  Button
</button>
`;

exports[`Button component 
  size: "tiny", icon: "events", iconAlign: "left"
 1`] = `
<button
  className="Button Button--tiny Button--basic Button--iconAlign-left"
>
  <div
    className="Button-icon Button-icon--left"
  >
    <Icon
      appearance="default"
      name="events"
      size={12}
    />
  </div>
  Button
</button>
`;

exports[`Button component 
  size: "tiny", icon: "events", iconAlign: "right"
 1`] = `
<button
  className="Button Button--tiny Button--basic Button--iconAlign-right"
>
  <div
    className="Button-icon Button-icon--right"
  >
    <Icon
      appearance="default"
      name="events"
      size={12}
    />
  </div>
  Button
</button>
`;

exports[`Button component with no children 
  appearance: "alert", loading: true
 1`] = `
<button
  className="Button Button--regular Button--square Button--alert"
  disabled={true}
>
  <Spinner
    appearance="white"
    size="small"
  />
</button>
`;

exports[`Button component with no children 
  appearance: "basic", loading: true
 1`] = `
<button
  className="Button Button--regular Button--square Button--basic"
  disabled={true}
>
  <Spinner
    appearance="secondary"
    size="small"
  />
</button>
`;

exports[`Button component with no children 
  appearance: "primary", loading: true
 1`] = `
<button
  className="Button Button--regular Button--square Button--primary"
  disabled={true}
>
  <Spinner
    appearance="white"
    size="small"
  />
</button>
`;

exports[`Button component with no children 
  appearance: "success", loading: true
 1`] = `
<button
  className="Button Button--regular Button--square Button--success"
  disabled={true}
>
  <Spinner
    appearance="white"
    size="small"
  />
</button>
`;

exports[`Button component with no children 
  appearance: "transparent", loading: true
 1`] = `
<button
  className="Button Button--regular Button--square Button--transparent"
  disabled={true}
>
  <Spinner
    appearance="secondary"
    size="small"
  />
</button>
`;
