// Jest Snapshot v1, https://goo.gl/fbAQLP

exports[`Spinner component 
  
 1`] = `
<svg
  className="Spinner Spinner--medium"
  viewBox="0 0 50 50"
>
  <circle
    className="Circle Circle--primary"
    cx={25}
    cy={25}
    fill="none"
    r={20}
    strokeMiterlimit="10"
    strokeWidth="4"
  />
</svg>
`;

exports[`Spinner component 
  appearance: "primary"
 1`] = `
<svg
  className="Spinner Spinner--medium"
  viewBox="0 0 50 50"
>
  <circle
    className="Circle Circle--primary"
    cx={25}
    cy={25}
    fill="none"
    r={20}
    strokeMiterlimit="10"
    strokeWidth="4"
  />
</svg>
`;

exports[`Spinner component 
  appearance: "secondary"
 1`] = `
<svg
  className="Spinner Spinner--medium"
  viewBox="0 0 50 50"
>
  <circle
    className="Circle Circle--secondary"
    cx={25}
    cy={25}
    fill="none"
    r={20}
    strokeMiterlimit="10"
    strokeWidth="4"
  />
</svg>
`;

exports[`Spinner component 
  appearance: "white"
 1`] = `
<svg
  className="Spinner Spinner--medium"
  viewBox="0 0 50 50"
>
  <circle
    className="Circle Circle--white"
    cx={25}
    cy={25}
    fill="none"
    r={20}
    strokeMiterlimit="10"
    strokeWidth="4"
  />
</svg>
`;

exports[`Spinner component 
  size: "large"
 1`] = `
<svg
  className="Spinner Spinner--large"
  viewBox="0 0 50 50"
>
  <circle
    className="Circle Circle--primary"
    cx={25}
    cy={25}
    fill="none"
    r={20}
    strokeMiterlimit="10"
    strokeWidth="4"
  />
</svg>
`;

exports[`Spinner component 
  size: "large", appearance: "primary"
 1`] = `
<svg
  className="Spinner Spinner--large"
  viewBox="0 0 50 50"
>
  <circle
    className="Circle Circle--primary"
    cx={25}
    cy={25}
    fill="none"
    r={20}
    strokeMiterlimit="10"
    strokeWidth="4"
  />
</svg>
`;

exports[`Spinner component 
  size: "large", appearance: "secondary"
 1`] = `
<svg
  className="Spinner Spinner--large"
  viewBox="0 0 50 50"
>
  <circle
    className="Circle Circle--secondary"
    cx={25}
    cy={25}
    fill="none"
    r={20}
    strokeMiterlimit="10"
    strokeWidth="4"
  />
</svg>
`;

exports[`Spinner component 
  size: "large", appearance: "white"
 1`] = `
<svg
  className="Spinner Spinner--large"
  viewBox="0 0 50 50"
>
  <circle
    className="Circle Circle--white"
    cx={25}
    cy={25}
    fill="none"
    r={20}
    strokeMiterlimit="10"
    strokeWidth="4"
  />
</svg>
`;

exports[`Spinner component 
  size: "medium"
 1`] = `
<svg
  className="Spinner Spinner--medium"
  viewBox="0 0 50 50"
>
  <circle
    className="Circle Circle--primary"
    cx={25}
    cy={25}
    fill="none"
    r={20}
    strokeMiterlimit="10"
    strokeWidth="4"
  />
</svg>
`;

exports[`Spinner component 
  size: "medium", appearance: "primary"
 1`] = `
<svg
  className="Spinner Spinner--medium"
  viewBox="0 0 50 50"
>
  <circle
    className="Circle Circle--primary"
    cx={25}
    cy={25}
    fill="none"
    r={20}
    strokeMiterlimit="10"
    strokeWidth="4"
  />
</svg>
`;

exports[`Spinner component 
  size: "medium", appearance: "secondary"
 1`] = `
<svg
  className="Spinner Spinner--medium"
  viewBox="0 0 50 50"
>
  <circle
    className="Circle Circle--secondary"
    cx={25}
    cy={25}
    fill="none"
    r={20}
    strokeMiterlimit="10"
    strokeWidth="4"
  />
</svg>
`;

exports[`Spinner component 
  size: "medium", appearance: "white"
 1`] = `
<svg
  className="Spinner Spinner--medium"
  viewBox="0 0 50 50"
>
  <circle
    className="Circle Circle--white"
    cx={25}
    cy={25}
    fill="none"
    r={20}
    strokeMiterlimit="10"
    strokeWidth="4"
  />
</svg>
`;

exports[`Spinner component 
  size: "small"
 1`] = `
<svg
  className="Spinner Spinner--small"
  viewBox="0 0 50 50"
>
  <circle
    className="Circle Circle--primary"
    cx={25}
    cy={25}
    fill="none"
    r={20}
    strokeMiterlimit="10"
    strokeWidth="4"
  />
</svg>
`;

exports[`Spinner component 
  size: "small", appearance: "primary"
 1`] = `
<svg
  className="Spinner Spinner--small"
  viewBox="0 0 50 50"
>
  <circle
    className="Circle Circle--primary"
    cx={25}
    cy={25}
    fill="none"
    r={20}
    strokeMiterlimit="10"
    strokeWidth="4"
  />
</svg>
`;

exports[`Spinner component 
  size: "small", appearance: "secondary"
 1`] = `
<svg
  className="Spinner Spinner--small"
  viewBox="0 0 50 50"
>
  <circle
    className="Circle Circle--secondary"
    cx={25}
    cy={25}
    fill="none"
    r={20}
    strokeMiterlimit="10"
    strokeWidth="4"
  />
</svg>
`;

exports[`Spinner component 
  size: "small", appearance: "white"
 1`] = `
<svg
  className="Spinner Spinner--small"
  viewBox="0 0 50 50"
>
  <circle
    className="Circle Circle--white"
    cx={25}
    cy={25}
    fill="none"
    r={20}
    strokeMiterlimit="10"
    strokeWidth="4"
  />
</svg>
`;
