// Jest Snapshot v1, https://goo.gl/fbAQLP

exports[`Row component should match the snapshot without RowColumns 1`] = `
<div
  className="Row"
  data-test="DesignSystem-Row"
>
  Row
</div>
`;
