// Jest Snapshot v1, https://goo.gl/fbAQLP

exports[`Tab component with Label 1`] = `
<Fragment>
  Tab
</Fragment>
`;
