// Jest Snapshot v1, https://goo.gl/fbAQLP

exports[`Radio component 
  disabled: false, selected: true, label: "Radio", onChange: "[Function]", name: "Options", value: "Options"
 1`] = `
<div
  className="Radio Radio--regular"
>
  <div
    className="Radio-outerWrapper Radio-outerWrapper--regular"
  >
    <input
      className="Radio-input"
      disabled={false}
      id="Options-Radio-1f2abfce-6b31-41bc-9340-bab350f51525"
      name="Options"
      onChange={[MockFunction]}
      type="radio"
      value="Options"
    />
    <span
      className="Radio-wrapper Radio-wrapper--regular"
    />
  </div>
  <label
    className="Radio-label"
    htmlFor="Options-Radio-1f2abfce-6b31-41bc-9340-bab350f51525"
  >
    <Text
      appearance="default"
      size="regular"
    >
      Radio
    </Text>
  </label>
</div>
`;

exports[`Radio component 
  disabled: true, selected: true, label: "Radio", onChange: "[Function]", name: "Options", value: "Options"
 1`] = `
<div
  className="Radio Radio--disabled Radio--regular"
>
  <div
    className="Radio-outerWrapper Radio-outerWrapper--regular"
  >
    <input
      className="Radio-input"
      disabled={true}
      id="Options-Radio-437b37e7-af32-4da2-8dee-1be015ed1e6b"
      name="Options"
      onChange={[MockFunction]}
      type="radio"
      value="Options"
    />
    <span
      className="Radio-wrapper Radio-wrapper--regular"
    />
  </div>
  <label
    className="Radio-label"
    htmlFor="Options-Radio-437b37e7-af32-4da2-8dee-1be015ed1e6b"
  >
    <Text
      appearance="default"
      size="regular"
    >
      Radio
    </Text>
  </label>
</div>
`;

exports[`Radio component 
  size: "regular", selected: true, label: "Radio", onChange: "[Function]", name: "Options", value: "Options"
 1`] = `
<div
  className="Radio Radio--regular"
>
  <div
    className="Radio-outerWrapper Radio-outerWrapper--regular"
  >
    <input
      className="Radio-input"
      id="Options-Radio-c9eb4b97-c402-4f2d-a9a9-db0974fddcab"
      name="Options"
      onChange={[MockFunction]}
      type="radio"
      value="Options"
    />
    <span
      className="Radio-wrapper Radio-wrapper--regular"
    />
  </div>
  <label
    className="Radio-label"
    htmlFor="Options-Radio-c9eb4b97-c402-4f2d-a9a9-db0974fddcab"
  >
    <Text
      appearance="default"
      size="regular"
    >
      Radio
    </Text>
  </label>
</div>
`;

exports[`Radio component 
  size: "tiny", selected: true, label: "Radio", onChange: "[Function]", name: "Options", value: "Options"
 1`] = `
<div
  className="Radio Radio--tiny"
>
  <div
    className="Radio-outerWrapper Radio-outerWrapper--tiny"
  >
    <input
      className="Radio-input"
      id="Options-Radio-3bd260c1-d3e6-4868-a661-d8514cf42165"
      name="Options"
      onChange={[MockFunction]}
      type="radio"
      value="Options"
    />
    <span
      className="Radio-wrapper Radio-wrapper--tiny"
    />
  </div>
  <label
    className="Radio-label"
    htmlFor="Options-Radio-3bd260c1-d3e6-4868-a661-d8514cf42165"
  >
    <Text
      appearance="default"
      size="small"
    >
      Radio
    </Text>
  </label>
</div>
`;
