// Jest Snapshot v1, https://goo.gl/fbAQLP

exports[`Backdrop component 
  open: false
 1`] = `
<Portal
  containerInfo={<body />}
>
  <div
    className="Backdrop Backdrop-animation--close"
  />
</Portal>
`;

exports[`Backdrop component 
  open: true
 1`] = `
<Portal
  containerInfo={<body />}
>
  <div
    className="Backdrop Backdrop--open Backdrop-animation--open"
  />
</Portal>
`;
