// Jest Snapshot v1, https://goo.gl/fbAQLP

exports[`DateRangePicker component 
  
 1`] = `
<Calendar
  onRangeChange={[Function]}
  rangePicker={true}
/>
`;

exports[`DateRangePicker component 
  monthsInView: 1
 1`] = `
<Calendar
  monthsInView={1}
  onRangeChange={[Function]}
  rangePicker={true}
/>
`;

exports[`DateRangePicker component 
  monthsInView: 1
 2`] = `
<Calendar
  monthNav={11}
  monthsInView={1}
  onRangeChange={[Function]}
  rangePicker={true}
  yearNav={2019}
/>
`;

exports[`DateRangePicker component 
  monthsInView: 2
 1`] = `
<Calendar
  monthsInView={2}
  onRangeChange={[Function]}
  rangePicker={true}
/>
`;

exports[`DateRangePicker component 
  monthsInView: 2
 2`] = `
<Calendar
  monthNav={11}
  monthsInView={2}
  onRangeChange={[Function]}
  rangePicker={true}
  yearNav={2019}
/>
`;

exports[`DateRangePicker component 
  monthsInView: 3
 1`] = `
<Calendar
  monthsInView={3}
  onRangeChange={[Function]}
  rangePicker={true}
/>
`;

exports[`DateRangePicker component 
  monthsInView: 3
 2`] = `
<Calendar
  monthNav={11}
  monthsInView={3}
  onRangeChange={[Function]}
  rangePicker={true}
  yearNav={2019}
/>
`;

exports[`DateRangePicker component 
  open: false
 1`] = `
<Popover
  appendToBody={true}
  onToggle={[Function]}
  open={false}
  trigger={
    <Row
      group="2"
      groupXS="1"
    >
      <Column
        className="DateRangePicker-input DateRangePicker-input--startDate"
      >
        <ForwardRef
          caption=""
          error={false}
          label="Start Date"
          mask={
            Array [
              /\\\\d/,
              /\\\\d/,
              "/",
              /\\\\d/,
              /\\\\d/,
              "/",
              /\\\\d/,
              /\\\\d/,
              /\\\\d/,
              /\\\\d/,
            ]
          }
          name="dateDateRangePicker-start"
          onBlur={[Function]}
          onChange={[Function]}
          onClear={[Function]}
          onClick={[Function]}
          placeholder="mm/dd/yyyy"
          placeholderChar="_"
          required={false}
          value=""
        />
      </Column>
      <Column
        className="DateRangePicker-input DateRangePicker-input--endDate"
      >
        <ForwardRef
          caption=""
          error={false}
          label="End Date"
          mask={
            Array [
              /\\\\d/,
              /\\\\d/,
              "/",
              /\\\\d/,
              /\\\\d/,
              "/",
              /\\\\d/,
              /\\\\d/,
              /\\\\d/,
              /\\\\d/,
            ]
          }
          name="dateDateRangePicker-end"
          onBlur={[Function]}
          onChange={[Function]}
          onClear={[Function]}
          onClick={[Function]}
          placeholder="mm/dd/yyyy"
          placeholderChar="_"
          required={false}
          value=""
        />
      </Column>
    </Row>
  }
>
  <Calendar
    onRangeChange={[Function]}
    rangePicker={true}
  />
</Popover>
`;

exports[`DateRangePicker component 
  open: true
 1`] = `
<Popover
  appendToBody={true}
  onToggle={[Function]}
  open={true}
  trigger={
    <Row
      group="2"
      groupXS="1"
    >
      <Column
        className="DateRangePicker-input DateRangePicker-input--startDate"
      >
        <ForwardRef
          caption=""
          error={false}
          label="Start Date"
          mask={
            Array [
              /\\\\d/,
              /\\\\d/,
              "/",
              /\\\\d/,
              /\\\\d/,
              "/",
              /\\\\d/,
              /\\\\d/,
              /\\\\d/,
              /\\\\d/,
            ]
          }
          name="dateDateRangePicker-start"
          onBlur={[Function]}
          onChange={[Function]}
          onClear={[Function]}
          onClick={[Function]}
          placeholder="mm/dd/yyyy"
          placeholderChar="_"
          required={false}
          value=""
        />
      </Column>
      <Column
        className="DateRangePicker-input DateRangePicker-input--endDate"
      >
        <ForwardRef
          caption=""
          error={false}
          label="End Date"
          mask={
            Array [
              /\\\\d/,
              /\\\\d/,
              "/",
              /\\\\d/,
              /\\\\d/,
              "/",
              /\\\\d/,
              /\\\\d/,
              /\\\\d/,
              /\\\\d/,
            ]
          }
          name="dateDateRangePicker-end"
          onBlur={[Function]}
          onChange={[Function]}
          onClear={[Function]}
          onClick={[Function]}
          placeholder="mm/dd/yyyy"
          placeholderChar="_"
          required={false}
          value=""
        />
      </Column>
    </Row>
  }
>
  <Calendar
    onRangeChange={[Function]}
    rangePicker={true}
  />
</Popover>
`;

exports[`DateRangePicker component 
  view: "date"
 1`] = `
<Calendar
  onRangeChange={[Function]}
  rangePicker={true}
  view="date"
/>
`;

exports[`DateRangePicker component 
  view: "month"
 1`] = `
<Calendar
  onRangeChange={[Function]}
  rangePicker={true}
  view="month"
/>
`;

exports[`DateRangePicker component 
  view: "year"
 1`] = `
<Calendar
  onRangeChange={[Function]}
  rangePicker={true}
  view="year"
/>
`;

exports[`DateRangePicker component 
  withInput: false
 1`] = `
<Calendar
  onRangeChange={[Function]}
  rangePicker={true}
/>
`;

exports[`DateRangePicker component 
  withInput: true
 1`] = `
<Popover
  appendToBody={true}
  onToggle={[Function]}
  open={false}
  trigger={
    <Row
      group="2"
      groupXS="1"
    >
      <Column
        className="DateRangePicker-input DateRangePicker-input--startDate"
      >
        <ForwardRef
          caption=""
          error={false}
          label="Start Date"
          mask={
            Array [
              /\\\\d/,
              /\\\\d/,
              "/",
              /\\\\d/,
              /\\\\d/,
              "/",
              /\\\\d/,
              /\\\\d/,
              /\\\\d/,
              /\\\\d/,
            ]
          }
          name="dateDateRangePicker-start"
          onBlur={[Function]}
          onChange={[Function]}
          onClear={[Function]}
          onClick={[Function]}
          placeholder="mm/dd/yyyy"
          placeholderChar="_"
          required={false}
          value=""
        />
      </Column>
      <Column
        className="DateRangePicker-input DateRangePicker-input--endDate"
      >
        <ForwardRef
          caption=""
          error={false}
          label="End Date"
          mask={
            Array [
              /\\\\d/,
              /\\\\d/,
              "/",
              /\\\\d/,
              /\\\\d/,
              "/",
              /\\\\d/,
              /\\\\d/,
              /\\\\d/,
              /\\\\d/,
            ]
          }
          name="dateDateRangePicker-end"
          onBlur={[Function]}
          onChange={[Function]}
          onClear={[Function]}
          onClick={[Function]}
          placeholder="mm/dd/yyyy"
          placeholderChar="_"
          required={false}
          value=""
        />
      </Column>
    </Row>
  }
>
  <Calendar
    onRangeChange={[Function]}
    rangePicker={true}
  />
</Popover>
`;
