// Jest Snapshot v1, https://goo.gl/fbAQLP

exports[`StatusHint component 
  appearance: "alert"
 1`] = `
<div
  className="StatusHint"
  data-test="DesignSystem-StatusHint"
  onClick={[Function]}
  onMouseEnter={[Function]}
  onMouseLeave={[Function]}
>
  <span
    className="StatusHint-icon StatusHint--alert"
    data-test="DesignSystem-StatusHint--Icon"
  />
  <Text
    data-test="DesignSystem-StatusHint--Text"
    weight="medium"
  >
    StatusHint
  </Text>
</div>
`;

exports[`StatusHint component 
  appearance: "default"
 1`] = `
<div
  className="StatusHint"
  data-test="DesignSystem-StatusHint"
  onClick={[Function]}
  onMouseEnter={[Function]}
  onMouseLeave={[Function]}
>
  <span
    className="StatusHint-icon StatusHint--default"
    data-test="DesignSystem-StatusHint--Icon"
  />
  <Text
    data-test="DesignSystem-StatusHint--Text"
    weight="medium"
  >
    StatusHint
  </Text>
</div>
`;

exports[`StatusHint component 
  appearance: "info"
 1`] = `
<div
  className="StatusHint"
  data-test="DesignSystem-StatusHint"
  onClick={[Function]}
  onMouseEnter={[Function]}
  onMouseLeave={[Function]}
>
  <span
    className="StatusHint-icon StatusHint--info"
    data-test="DesignSystem-StatusHint--Icon"
  />
  <Text
    data-test="DesignSystem-StatusHint--Text"
    weight="medium"
  >
    StatusHint
  </Text>
</div>
`;

exports[`StatusHint component 
  appearance: "success"
 1`] = `
<div
  className="StatusHint"
  data-test="DesignSystem-StatusHint"
  onClick={[Function]}
  onMouseEnter={[Function]}
  onMouseLeave={[Function]}
>
  <span
    className="StatusHint-icon StatusHint--success"
    data-test="DesignSystem-StatusHint--Icon"
  />
  <Text
    data-test="DesignSystem-StatusHint--Text"
    weight="medium"
  >
    StatusHint
  </Text>
</div>
`;

exports[`StatusHint component 
  appearance: "warning"
 1`] = `
<div
  className="StatusHint"
  data-test="DesignSystem-StatusHint"
  onClick={[Function]}
  onMouseEnter={[Function]}
  onMouseLeave={[Function]}
>
  <span
    className="StatusHint-icon StatusHint--warning"
    data-test="DesignSystem-StatusHint--Icon"
  />
  <Text
    data-test="DesignSystem-StatusHint--Text"
    weight="medium"
  >
    StatusHint
  </Text>
</div>
`;
