// Jest Snapshot v1, https://goo.gl/fbAQLP

exports[`ModalFooter component should match the snapshot when Modal Footer is with two action buttons 1`] = `
<div
  className="Modal-footer"
>
  <Button
    appearance="basic"
    iconAlign="left"
    onClick={[Function]}
    size="regular"
    tabIndex={0}
  >
    Basic
  </Button>
  <Button
    appearance="primary"
    iconAlign="left"
    onClick={[Function]}
    size="regular"
    tabIndex={0}
  >
    Primary
  </Button>
</div>
`;
