// Jest Snapshot v1, https://goo.gl/fbAQLP

exports[`DatePicker component 
  view: "date"
 1`] = `
<Component
  date={2020-02-29T18:30:00.000Z}
  view="date"
>
  DatePicker
</Component>
`;

exports[`DatePicker component 
  view: "month"
 1`] = `
<Component
  date={2020-02-29T18:30:00.000Z}
  view="month"
>
  DatePicker
</Component>
`;

exports[`DatePicker component 
  view: "year"
 1`] = `
<Component
  date={2020-02-29T18:30:00.000Z}
  view="year"
>
  DatePicker
</Component>
`;
