// Jest Snapshot v1, https://goo.gl/fbAQLP

exports[`Toast component 
  title: "Sample Toast", appearance: "alert", onClose: "[Function]"
 1`] = `
<div
  className="Toast Toast--alert"
>
  <i
    className="material-icons Toast-icon Toast-icon--left"
  >
    info
  </i>
  <div
    className="Toast-body"
  >
    <div
      className="Toast-title"
    >
      <Heading
        appearance="white"
      >
        Sample Toast
      </Heading>
      <div
        onClick={[Function]}
      >
        <i
          className="material-icons Toast-icon Toast-icon--right"
        >
          close
        </i>
      </div>
    </div>
  </div>
</div>
`;

exports[`Toast component 
  title: "Sample Toast", appearance: "default", onClose: "[Function]"
 1`] = `
<div
  className="Toast Toast--default"
>
  <div
    className="Toast-body"
  >
    <div
      className="Toast-title"
    >
      <Heading
        appearance="white"
      >
        Sample Toast
      </Heading>
      <div
        onClick={[Function]}
      >
        <i
          className="material-icons Toast-icon Toast-icon--right"
        >
          close
        </i>
      </div>
    </div>
  </div>
</div>
`;

exports[`Toast component 
  title: "Sample Toast", appearance: "info", onClose: "[Function]"
 1`] = `
<div
  className="Toast Toast--info"
>
  <i
    className="material-icons Toast-icon Toast-icon--left"
  >
    info
  </i>
  <div
    className="Toast-body"
  >
    <div
      className="Toast-title"
    >
      <Heading
        appearance="white"
      >
        Sample Toast
      </Heading>
      <div
        onClick={[Function]}
      >
        <i
          className="material-icons Toast-icon Toast-icon--right"
        >
          close
        </i>
      </div>
    </div>
  </div>
</div>
`;

exports[`Toast component 
  title: "Sample Toast", appearance: "success", onClose: "[Function]"
 1`] = `
<div
  className="Toast Toast--success"
>
  <i
    className="material-icons Toast-icon Toast-icon--left"
  >
    check_circle
  </i>
  <div
    className="Toast-body"
  >
    <div
      className="Toast-title"
    >
      <Heading
        appearance="white"
      >
        Sample Toast
      </Heading>
      <div
        onClick={[Function]}
      >
        <i
          className="material-icons Toast-icon Toast-icon--right"
        >
          close
        </i>
      </div>
    </div>
  </div>
</div>
`;

exports[`Toast component 
  title: "Sample Toast", appearance: "warning", onClose: "[Function]"
 1`] = `
<div
  className="Toast Toast--warning"
>
  <i
    className="material-icons Toast-icon Toast-icon--left"
  >
    info
  </i>
  <div
    className="Toast-body"
  >
    <div
      className="Toast-title"
    >
      <Heading
        appearance="default"
      >
        Sample Toast
      </Heading>
      <div
        onClick={[Function]}
      >
        <i
          className="material-icons Toast-icon Toast-icon--right"
        >
          close
        </i>
      </div>
    </div>
  </div>
</div>
`;

exports[`Toast component 
  title: "Sample Toast", message: "Sample string", appearance: "alert", onClose: "[Function]"
 1`] = `
<div
  className="Toast Toast--alert"
>
  <i
    className="material-icons Toast-icon Toast-icon--left"
  >
    info
  </i>
  <div
    className="Toast-body"
  >
    <div
      className="Toast-title Toast-title--withMessage"
    >
      <Heading
        appearance="white"
      >
        Sample Toast
      </Heading>
      <div
        onClick={[Function]}
      >
        <i
          className="material-icons Toast-icon Toast-icon--right"
        >
          close
        </i>
      </div>
    </div>
    <div
      className="Toast-message"
    >
      <Text
        appearance="white"
      >
        Sample string
      </Text>
    </div>
  </div>
</div>
`;

exports[`Toast component 
  title: "Sample Toast", message: "Sample string", appearance: "alert", onClose: "[Function]", actions: [{"label":"Action 1","onClick":"[Function]"}]
 1`] = `
<div
  className="Toast Toast--alert"
>
  <i
    className="material-icons Toast-icon Toast-icon--left"
  >
    info
  </i>
  <div
    className="Toast-body"
  >
    <div
      className="Toast-title Toast-title--withMessage"
    >
      <Heading
        appearance="white"
      >
        Sample Toast
      </Heading>
      <div
        onClick={[Function]}
      >
        <i
          className="material-icons Toast-icon Toast-icon--right"
        >
          close
        </i>
      </div>
    </div>
    <div
      className="Toast-message"
    >
      <Text
        appearance="white"
      >
        Sample string
      </Text>
    </div>
    <div
      className="Toast-actions"
    >
      <ActionButton
        appearance="alert"
        key="0"
        label="Action 1"
        onClick={[MockFunction]}
      />
    </div>
  </div>
</div>
`;

exports[`Toast component 
  title: "Sample Toast", message: "Sample string", appearance: "default", onClose: "[Function]"
 1`] = `
<div
  className="Toast Toast--default"
>
  <div
    className="Toast-body"
  >
    <div
      className="Toast-title Toast-title--withMessage"
    >
      <Heading
        appearance="white"
      >
        Sample Toast
      </Heading>
      <div
        onClick={[Function]}
      >
        <i
          className="material-icons Toast-icon Toast-icon--right"
        >
          close
        </i>
      </div>
    </div>
    <div
      className="Toast-message"
    >
      <Text
        appearance="white"
      >
        Sample string
      </Text>
    </div>
  </div>
</div>
`;

exports[`Toast component 
  title: "Sample Toast", message: "Sample string", appearance: "default", onClose: "[Function]", actions: [{"label":"Action 1","onClick":"[Function]"}]
 1`] = `
<div
  className="Toast Toast--default"
>
  <div
    className="Toast-body"
  >
    <div
      className="Toast-title Toast-title--withMessage"
    >
      <Heading
        appearance="white"
      >
        Sample Toast
      </Heading>
      <div
        onClick={[Function]}
      >
        <i
          className="material-icons Toast-icon Toast-icon--right"
        >
          close
        </i>
      </div>
    </div>
    <div
      className="Toast-message"
    >
      <Text
        appearance="white"
      >
        Sample string
      </Text>
    </div>
    <div
      className="Toast-actions"
    >
      <ActionButton
        appearance="default"
        key="0"
        label="Action 1"
        onClick={[MockFunction]}
      />
    </div>
  </div>
</div>
`;

exports[`Toast component 
  title: "Sample Toast", message: "Sample string", appearance: "info", onClose: "[Function]"
 1`] = `
<div
  className="Toast Toast--info"
>
  <i
    className="material-icons Toast-icon Toast-icon--left"
  >
    info
  </i>
  <div
    className="Toast-body"
  >
    <div
      className="Toast-title Toast-title--withMessage"
    >
      <Heading
        appearance="white"
      >
        Sample Toast
      </Heading>
      <div
        onClick={[Function]}
      >
        <i
          className="material-icons Toast-icon Toast-icon--right"
        >
          close
        </i>
      </div>
    </div>
    <div
      className="Toast-message"
    >
      <Text
        appearance="white"
      >
        Sample string
      </Text>
    </div>
  </div>
</div>
`;

exports[`Toast component 
  title: "Sample Toast", message: "Sample string", appearance: "info", onClose: "[Function]", actions: [{"label":"Action 1","onClick":"[Function]"}]
 1`] = `
<div
  className="Toast Toast--info"
>
  <i
    className="material-icons Toast-icon Toast-icon--left"
  >
    info
  </i>
  <div
    className="Toast-body"
  >
    <div
      className="Toast-title Toast-title--withMessage"
    >
      <Heading
        appearance="white"
      >
        Sample Toast
      </Heading>
      <div
        onClick={[Function]}
      >
        <i
          className="material-icons Toast-icon Toast-icon--right"
        >
          close
        </i>
      </div>
    </div>
    <div
      className="Toast-message"
    >
      <Text
        appearance="white"
      >
        Sample string
      </Text>
    </div>
    <div
      className="Toast-actions"
    >
      <ActionButton
        appearance="info"
        key="0"
        label="Action 1"
        onClick={[MockFunction]}
      />
    </div>
  </div>
</div>
`;

exports[`Toast component 
  title: "Sample Toast", message: "Sample string", appearance: "success", onClose: "[Function]"
 1`] = `
<div
  className="Toast Toast--success"
>
  <i
    className="material-icons Toast-icon Toast-icon--left"
  >
    check_circle
  </i>
  <div
    className="Toast-body"
  >
    <div
      className="Toast-title Toast-title--withMessage"
    >
      <Heading
        appearance="white"
      >
        Sample Toast
      </Heading>
      <div
        onClick={[Function]}
      >
        <i
          className="material-icons Toast-icon Toast-icon--right"
        >
          close
        </i>
      </div>
    </div>
    <div
      className="Toast-message"
    >
      <Text
        appearance="white"
      >
        Sample string
      </Text>
    </div>
  </div>
</div>
`;

exports[`Toast component 
  title: "Sample Toast", message: "Sample string", appearance: "success", onClose: "[Function]", actions: [{"label":"Action 1","onClick":"[Function]"}]
 1`] = `
<div
  className="Toast Toast--success"
>
  <i
    className="material-icons Toast-icon Toast-icon--left"
  >
    check_circle
  </i>
  <div
    className="Toast-body"
  >
    <div
      className="Toast-title Toast-title--withMessage"
    >
      <Heading
        appearance="white"
      >
        Sample Toast
      </Heading>
      <div
        onClick={[Function]}
      >
        <i
          className="material-icons Toast-icon Toast-icon--right"
        >
          close
        </i>
      </div>
    </div>
    <div
      className="Toast-message"
    >
      <Text
        appearance="white"
      >
        Sample string
      </Text>
    </div>
    <div
      className="Toast-actions"
    >
      <ActionButton
        appearance="success"
        key="0"
        label="Action 1"
        onClick={[MockFunction]}
      />
    </div>
  </div>
</div>
`;

exports[`Toast component 
  title: "Sample Toast", message: "Sample string", appearance: "warning", onClose: "[Function]"
 1`] = `
<div
  className="Toast Toast--warning"
>
  <i
    className="material-icons Toast-icon Toast-icon--left"
  >
    info
  </i>
  <div
    className="Toast-body"
  >
    <div
      className="Toast-title Toast-title--withMessage"
    >
      <Heading
        appearance="default"
      >
        Sample Toast
      </Heading>
      <div
        onClick={[Function]}
      >
        <i
          className="material-icons Toast-icon Toast-icon--right"
        >
          close
        </i>
      </div>
    </div>
    <div
      className="Toast-message"
    >
      <Text
        appearance="default"
      >
        Sample string
      </Text>
    </div>
  </div>
</div>
`;

exports[`Toast component 
  title: "Sample Toast", message: "Sample string", appearance: "warning", onClose: "[Function]", actions: [{"label":"Action 1","onClick":"[Function]"}]
 1`] = `
<div
  className="Toast Toast--warning"
>
  <i
    className="material-icons Toast-icon Toast-icon--left"
  >
    info
  </i>
  <div
    className="Toast-body"
  >
    <div
      className="Toast-title Toast-title--withMessage"
    >
      <Heading
        appearance="default"
      >
        Sample Toast
      </Heading>
      <div
        onClick={[Function]}
      >
        <i
          className="material-icons Toast-icon Toast-icon--right"
        >
          close
        </i>
      </div>
    </div>
    <div
      className="Toast-message"
    >
      <Text
        appearance="default"
      >
        Sample string
      </Text>
    </div>
    <div
      className="Toast-actions"
    >
      <ActionButton
        appearance="warning"
        key="0"
        label="Action 1"
        onClick={[MockFunction]}
      />
    </div>
  </div>
</div>
`;
